Archive member included to satisfy reference by file (symbol)

/home/wsg/gcc-arm-none-eabi-8-2018-q4-major/bin/../lib/gcc/arm-none-eabi/8.2.1/../../../../arm-none-eabi/lib/thumb/v6-m/nofp/libc_nano.a(lib_a-exit.o)
                              /home/wsg/gcc-arm-none-eabi-8-2018-q4-major/bin/../lib/gcc/arm-none-eabi/8.2.1/../../../../arm-none-eabi/lib/thumb/v6-m/nofp/rdimon-crt0.o (exit)
/home/wsg/gcc-arm-none-eabi-8-2018-q4-major/bin/../lib/gcc/arm-none-eabi/8.2.1/../../../../arm-none-eabi/lib/thumb/v6-m/nofp/libc_nano.a(lib_a-impure.o)
                              /home/wsg/gcc-arm-none-eabi-8-2018-q4-major/bin/../lib/gcc/arm-none-eabi/8.2.1/../../../../arm-none-eabi/lib/thumb/v6-m/nofp/libc_nano.a(lib_a-exit.o) (_global_impure_ptr)
/home/wsg/gcc-arm-none-eabi-8-2018-q4-major/bin/../lib/gcc/arm-none-eabi/8.2.1/../../../../arm-none-eabi/lib/thumb/v6-m/nofp/libc_nano.a(lib_a-init.o)
                              /home/wsg/gcc-arm-none-eabi-8-2018-q4-major/bin/../lib/gcc/arm-none-eabi/8.2.1/../../../../arm-none-eabi/lib/thumb/v6-m/nofp/rdimon-crt0.o (__libc_init_array)
/home/wsg/gcc-arm-none-eabi-8-2018-q4-major/bin/../lib/gcc/arm-none-eabi/8.2.1/../../../../arm-none-eabi/lib/thumb/v6-m/nofp/libc_nano.a(lib_a-memset.o)
                              /home/wsg/gcc-arm-none-eabi-8-2018-q4-major/bin/../lib/gcc/arm-none-eabi/8.2.1/../../../../arm-none-eabi/lib/thumb/v6-m/nofp/rdimon-crt0.o (memset)
/home/wsg/gcc-arm-none-eabi-8-2018-q4-major/bin/../lib/gcc/arm-none-eabi/8.2.1/../../../../arm-none-eabi/lib/thumb/v6-m/nofp/libc_nano.a(lib_a-assert.o)
                              /home/wsg/lora-wan/IA-V2-MCU-1.0.2/framework/library/protobuf-c/protobuf-c.o (__assert_func)
/home/wsg/gcc-arm-none-eabi-8-2018-q4-major/bin/../lib/gcc/arm-none-eabi/8.2.1/../../../../arm-none-eabi/lib/thumb/v6-m/nofp/libc_nano.a(lib_a-atoi.o)
                              /home/wsg/lora-wan/IA-V2-MCU-1.0.2/framework/library/libutils/frtos_utils.o (atoi)
/home/wsg/gcc-arm-none-eabi-8-2018-q4-major/bin/../lib/gcc/arm-none-eabi/8.2.1/../../../../arm-none-eabi/lib/thumb/v6-m/nofp/libc_nano.a(lib_a-ctype_.o)
                              /home/wsg/lora-wan/IA-V2-MCU-1.0.2/framework/library/libminmea/minmea.o (_ctype_)
/home/wsg/gcc-arm-none-eabi-8-2018-q4-major/bin/../lib/gcc/arm-none-eabi/8.2.1/../../../../arm-none-eabi/lib/thumb/v6-m/nofp/libc_nano.a(lib_a-fprintf.o)
                              /home/wsg/gcc-arm-none-eabi-8-2018-q4-major/bin/../lib/gcc/arm-none-eabi/8.2.1/../../../../arm-none-eabi/lib/thumb/v6-m/nofp/libc_nano.a(lib_a-assert.o) (fiprintf)
/home/wsg/gcc-arm-none-eabi-8-2018-q4-major/bin/../lib/gcc/arm-none-eabi/8.2.1/../../../../arm-none-eabi/lib/thumb/v6-m/nofp/libc_nano.a(lib_a-malloc.o)
                              /home/wsg/lora-wan/IA-V2-MCU-1.0.2/framework/library/protobuf-c/protobuf-c.o (free)
/home/wsg/gcc-arm-none-eabi-8-2018-q4-major/bin/../lib/gcc/arm-none-eabi/8.2.1/../../../../arm-none-eabi/lib/thumb/v6-m/nofp/libc_nano.a(lib_a-memcmp.o)
                              /home/wsg/lora-wan/IA-V2-MCU-1.0.2/framework/library/libminmea/minmea.o (memcmp)
/home/wsg/gcc-arm-none-eabi-8-2018-q4-major/bin/../lib/gcc/arm-none-eabi/8.2.1/../../../../arm-none-eabi/lib/thumb/v6-m/nofp/libc_nano.a(lib_a-memcpy-stub.o)
                              /home/wsg/lora-wan/IA-V2-MCU-1.0.2/m_system/hal_driver/flash/flash_driver.o (memcpy)
/home/wsg/gcc-arm-none-eabi-8-2018-q4-major/bin/../lib/gcc/arm-none-eabi/8.2.1/../../../../arm-none-eabi/lib/thumb/v6-m/nofp/libc_nano.a(lib_a-memmove.o)
                              /home/wsg/lora-wan/IA-V2-MCU-1.0.2/framework/library/protobuf-c/protobuf-c.o (memmove)
/home/wsg/gcc-arm-none-eabi-8-2018-q4-major/bin/../lib/gcc/arm-none-eabi/8.2.1/../../../../arm-none-eabi/lib/thumb/v6-m/nofp/libc_nano.a(lib_a-mktime.o)
                              /home/wsg/lora-wan/IA-V2-MCU-1.0.2/framework/library/libminmea/minmea.o (mktime)
/home/wsg/gcc-arm-none-eabi-8-2018-q4-major/bin/../lib/gcc/arm-none-eabi/8.2.1/../../../../arm-none-eabi/lib/thumb/v6-m/nofp/libc_nano.a(lib_a-nano-freer.o)
                              /home/wsg/gcc-arm-none-eabi-8-2018-q4-major/bin/../lib/gcc/arm-none-eabi/8.2.1/../../../../arm-none-eabi/lib/thumb/v6-m/nofp/libc_nano.a(lib_a-malloc.o) (_free_r)
/home/wsg/gcc-arm-none-eabi-8-2018-q4-major/bin/../lib/gcc/arm-none-eabi/8.2.1/../../../../arm-none-eabi/lib/thumb/v6-m/nofp/libc_nano.a(lib_a-nano-mallocr.o)
                              /home/wsg/gcc-arm-none-eabi-8-2018-q4-major/bin/../lib/gcc/arm-none-eabi/8.2.1/../../../../arm-none-eabi/lib/thumb/v6-m/nofp/libc_nano.a(lib_a-malloc.o) (_malloc_r)
/home/wsg/gcc-arm-none-eabi-8-2018-q4-major/bin/../lib/gcc/arm-none-eabi/8.2.1/../../../../arm-none-eabi/lib/thumb/v6-m/nofp/libc_nano.a(lib_a-nano-vfprintf.o)
                              /home/wsg/gcc-arm-none-eabi-8-2018-q4-major/bin/../lib/gcc/arm-none-eabi/8.2.1/../../../../arm-none-eabi/lib/thumb/v6-m/nofp/libc_nano.a(lib_a-fprintf.o) (_vfprintf_r)
[...]
Memory Configuration

Name             Origin             Length             Attributes
RAM              0x0000000020000000 0x0000000000005000 xrw
FLASH            0x0000000008000000 0x0000000000020000 xr
*default*        0x0000000000000000 0xffffffffffffffff

Linker script and memory map

LOAD /home/wsg/gcc-arm-none-eabi-8-2018-q4-major/bin/../lib/gcc/arm-none-eabi/8.2.1/thumb/v6-m/nofp/crti.o
LOAD /home/wsg/gcc-arm-none-eabi-8-2018-q4-major/bin/../lib/gcc/arm-none-eabi/8.2.1/thumb/v6-m/nofp/crtbegin.o
LOAD /home/wsg/gcc-arm-none-eabi-8-2018-q4-major/bin/../lib/gcc/arm-none-eabi/8.2.1/../../../../arm-none-eabi/lib/thumb/v6-m/nofp/rdimon-crt0.o
LOAD /home/wsg/gcc-arm-none-eabi-8-2018-q4-major/bin/../lib/gcc/arm-none-eabi/8.2.1/../../../../arm-none-eabi/lib/thumb/v6-m/nofp/libnosys.a
LOAD /home/wsg/gcc-arm-none-eabi-8-2018-q4-major/bin/../lib/gcc/arm-none-eabi/8.2.1/../../../../arm-none-eabi/lib/thumb/v6-m/nofp/libc_nano.a
LOAD /home/wsg/gcc-arm-none-eabi-8-2018-q4-major/bin/../lib/gcc/arm-none-eabi/8.2.1/../../../../arm-none-eabi/lib/thumb/v6-m/nofp/libm.a
LOAD /home/wsg/lora-wan/IA-V2-MCU-1.0.2/m_system/arch/s32l083/startup/startup_stm32l083xx.o
LOAD /home/wsg/lora-wan/IA-V2-MCU-1.0.2/m_system/arch/s32l083/Src/stm32l0xx_hal_msp.o
LOAD /home/wsg/lora-wan/IA-V2-MCU-1.0.2/m_system/arch/s32l083/Src/stm32l0xx_it.o
LOAD /home/wsg/lora-wan/IA-V2-MCU-1.0.2/m_system/arch/s32l083/Src/system_stm32l0xx.o
LOAD /home/wsg/lora-wan/IA-V2-MCU-1.0.2/m_system/hal_driver/adc/adc1_driver.o
LOAD /home/wsg/lora-wan/IA-V2-MCU-1.0.2/m_system/hal_driver/can/can_driver_comm.o
LOAD /home/wsg/lora-wan/IA-V2-MCU-1.0.2/m_system/hal_driver/can/can_driver.o
LOAD /home/wsg/lora-wan/IA-V2-MCU-1.0.2/m_system/hal_driver/clock/clock_driver.o
LOAD /home/wsg/lora-wan/IA-V2-MCU-1.0.2/m_system/hal_driver/dma/dma1_driver.o
LOAD /home/wsg/lora-wan/IA-V2-MCU-1.0.2/m_system/hal_driver/dma/dma_driver_comm.o
LOAD /home/wsg/lora-wan/IA-V2-MCU-1.0.2/m_system/hal_driver/e2prom/e2prom.o
LOAD /home/wsg/lora-wan/IA-V2-MCU-1.0.2/m_system/hal_driver/flash/flash_driver.o
LOAD /home/wsg/lora-wan/IA-V2-MCU-1.0.2/m_system/hal_driver/gpio/gpio_driver.o
LOAD /home/wsg/lora-wan/IA-V2-MCU-1.0.2/m_system/hal_driver/i2c/i2c_driver.o
LOAD /home/wsg/lora-wan/IA-V2-MCU-1.0.2/m_system/hal_driver/i2c/i2c_driver_comm.o
LOAD /home/wsg/lora-wan/IA-V2-MCU-1.0.2/m_system/hal_driver/io_ctrl/io_ctrl.o
LOAD /home/wsg/lora-wan/IA-V2-MCU-1.0.2/m_system/hal_driver/irq/irq.o
LOAD /home/wsg/lora-wan/IA-V2-MCU-1.0.2/m_system/hal_driver/power/power_driver.o
LOAD /home/wsg/lora-wan/IA-V2-MCU-1.0.2/m_system/hal_driver/reboot/reboot.o
LOAD /home/wsg/lora-wan/IA-V2-MCU-1.0.2/m_system/hal_driver/rtc/s32rtc/rtc_driver_comm.o
LOAD /home/wsg/lora-wan/IA-V2-MCU-1.0.2/m_system/hal_driver/rtc/s32rtc/rtc_driver.o
LOAD /home/wsg/lora-wan/IA-V2-MCU-1.0.2/m_system/hal_driver/spi/spi.o
LOAD /home/wsg/lora-wan/IA-V2-MCU-1.0.2/m_system/hal_driver/tap/tap_control.o
LOAD /home/wsg/lora-wan/IA-V2-MCU-1.0.2/m_system/hal_driver/timer/s32timer/timer_driver_comm.o
LOAD /home/wsg/lora-wan/IA-V2-MCU-1.0.2/m_system/hal_driver/timer/s32timer/timer_driver.o
LOAD /home/wsg/lora-wan/IA-V2-MCU-1.0.2/m_system/hal_driver/trace/trace.o
LOAD /home/wsg/lora-wan/IA-V2-MCU-1.0.2/m_system/hal_driver/uart/uart1.o
LOAD /home/wsg/lora-wan/IA-V2-MCU-1.0.2/m_system/hal_driver/uart/uart2.o
LOAD /home/wsg/lora-wan/IA-V2-MCU-1.0.2/m_system/hal_driver/uart/uart3.o
LOAD /home/wsg/lora-wan/IA-V2-MCU-1.0.2/m_system/hal_driver/uart/uart_driver_comm.o
LOAD /home/wsg/lora-wan/IA-V2-MCU-1.0.2/m_system/hal_driver/uart/lpuart.o
LOAD /home/wsg/lora-wan/IA-V2-MCU-1.0.2/m_system/hal_driver/uart/uart4.o
LOAD /home/wsg/lora-wan/IA-V2-MCU-1.0.2/m_system/hal_driver/uart/uart5.o
LOAD /home/wsg/lora-wan/IA-V2-MCU-1.0.2/m_system/hal_driver/wdog/wdog_driver.o
LOAD /home/wsg/lora-wan/IA-V2-MCU-1.0.2/m_system/hal_driver/wdog/iwdog_driver.o
LOAD /home/wsg/lora-wan/IA-V2-MCU-1.0.2/m_system/hal_driver/lwboard/gpio-board.o
LOAD /home/wsg/lora-wan/IA-V2-MCU-1.0.2/m_system/hal_driver/lwboard/rtc-board.o
LOAD /home/wsg/lora-wan/IA-V2-MCU-1.0.2/m_system/hal_driver/lwboard/sx1276mb1las-board.o
LOAD /home/wsg/lora-wan/IA-V2-MCU-1.0.2/m_system/hal_driver/lwboard/utilities.o
LOAD /home/wsg/lora-wan/IA-V2-MCU-1.0.2/m_system/hal_driver/lwboard/lpm-board.o
LOAD /home/wsg/lora-wan/IA-V2-MCU-1.0.2/m_system/hal_driver/lwboard/board.o
LOAD /home/wsg/lora-wan/IA-V2-MCU-1.0.2/m_system/hal_driver/lwsystem/gpio.o
LOAD /home/wsg/lora-wan/IA-V2-MCU-1.0.2/m_system/hal_driver/lwsystem/timer.o
LOAD /home/wsg/lora-wan/IA-V2-MCU-1.0.2/m_system/hal_driver/lwsystem/delay.o
LOAD /home/wsg/lora-wan/IA-V2-MCU-1.0.2/m_system/hal_driver/lwsystem/fifo.o
LOAD /home/wsg/lora-wan/IA-V2-MCU-1.0.2/m_system/hal_driver/lwsystem/systime.o
LOAD /home/wsg/lora-wan/IA-V2-MCU-1.0.2/m_system/hal_driver/lwsx1276/sx1276.o
LOAD /home/wsg/lora-wan/IA-V2-MCU-1.0.2/m_system/hal_driver/lwmac/region/Region.o
LOAD /home/wsg/lora-wan/IA-V2-MCU-1.0.2/m_system/hal_driver/lwmac/region/RegionCN470.o
LOAD /home/wsg/lora-wan/IA-V2-MCU-1.0.2/m_system/hal_driver/lwmac/region/RegionCommon.o
LOAD /home/wsg/lora-wan/IA-V2-MCU-1.0.2/m_system/hal_driver/lwmac/LoRaMac.o
LOAD /home/wsg/lora-wan/IA-V2-MCU-1.0.2/m_system/hal_driver/lwmac/LoRaMacAdr.o
LOAD /home/wsg/lora-wan/IA-V2-MCU-1.0.2/m_system/hal_driver/lwmac/LoRaMacClassB.o
LOAD /home/wsg/lora-wan/IA-V2-MCU-1.0.2/m_system/hal_driver/lwmac/LoRaMacCommands.o
LOAD /home/wsg/lora-wan/IA-V2-MCU-1.0.2/m_system/hal_driver/lwmac/LoRaMacConfirmQueue.o
LOAD /home/wsg/lora-wan/IA-V2-MCU-1.0.2/m_system/hal_driver/lwmac/LoRaMacCrypto.o
LOAD /home/wsg/lora-wan/IA-V2-MCU-1.0.2/m_system/hal_driver/lwmac/LoRaMacFCntHandler.o
LOAD /home/wsg/lora-wan/IA-V2-MCU-1.0.2/m_system/hal_driver/lwmac/LoRaMacParser.o
LOAD /home/wsg/lora-wan/IA-V2-MCU-1.0.2/m_system/hal_driver/lwmac/LoRaMacSerializer.o
LOAD /home/wsg/lora-wan/IA-V2-MCU-1.0.2/m_system/hal_driver/lwsoft-se/aes.o
LOAD /home/wsg/lora-wan/IA-V2-MCU-1.0.2/m_system/hal_driver/lwsoft-se/cmac.o
LOAD /home/wsg/lora-wan/IA-V2-MCU-1.0.2/m_system/hal_driver/lwsoft-se/soft-se.o
LOAD /home/wsg/lora-wan/IA-V2-MCU-1.0.2/framework/freertos/croutine.o
LOAD /home/wsg/lora-wan/IA-V2-MCU-1.0.2/framework/freertos/event_groups.o
LOAD /home/wsg/lora-wan/IA-V2-MCU-1.0.2/framework/freertos/list.o
LOAD /home/wsg/lora-wan/IA-V2-MCU-1.0.2/framework/freertos/queue.o
LOAD /home/wsg/lora-wan/IA-V2-MCU-1.0.2/framework/freertos/tasks.o
LOAD /home/wsg/lora-wan/IA-V2-MCU-1.0.2/framework/freertos/timers.o
LOAD /home/wsg/lora-wan/IA-V2-MCU-1.0.2/framework/freertos/portable/GCC/ARM_CM0/port.o
LOAD /home/wsg/lora-wan/IA-V2-MCU-1.0.2/framework/freertos/portable/Common/mpu_wrappers.o
LOAD /home/wsg/lora-wan/IA-V2-MCU-1.0.2/framework/freertos/portable/MemMang/heap_4.o
LOAD /home/wsg/lora-wan/IA-V2-MCU-1.0.2/framework/freertos/CMSIS_RTOS/cmsis_os.o
LOAD /home/wsg/lora-wan/IA-V2-MCU-1.0.2/framework/module/frtos_boot/frtos_sys.o
LOAD /home/wsg/lora-wan/IA-V2-MCU-1.0.2/framework/module/frtos_irq/frtos_irq.o
LOAD /home/wsg/lora-wan/IA-V2-MCU-1.0.2/framework/module/frtos_tasklet/frtos_tasklet.o
LOAD /home/wsg/lora-wan/IA-V2-MCU-1.0.2/framework/module/frtos_time/frtos_time.o
LOAD /home/wsg/lora-wan/IA-V2-MCU-1.0.2/framework/module/frtos_timer/frtos_softimer.o
LOAD /home/wsg/lora-wan/IA-V2-MCU-1.0.2/framework/module/frtos_trace/frtos_trace.o
LOAD /home/wsg/lora-wan/IA-V2-MCU-1.0.2/framework/library/libloopbuf/loopbuf.o
LOAD /home/wsg/lora-wan/IA-V2-MCU-1.0.2/framework/library/libmini-printf/mini-printf.o
LOAD /home/wsg/lora-wan/IA-V2-MCU-1.0.2/framework/library/libminmea/minmea.o
LOAD /home/wsg/lora-wan/IA-V2-MCU-1.0.2/framework/library/libpack/frtos_libpack.o
LOAD /home/wsg/lora-wan/IA-V2-MCU-1.0.2/framework/library/libutils/frtos_utils.o
LOAD /home/wsg/lora-wan/IA-V2-MCU-1.0.2/framework/library/protobuf-c/protobuf-c.o
LOAD /home/wsg/lora-wan/IA-V2-MCU-1.0.2/m_user/uart/debug.o
LOAD /home/wsg/lora-wan/IA-V2-MCU-1.0.2/m_user/cmdline/cmdline.o
LOAD /home/wsg/lora-wan/IA-V2-MCU-1.0.2/m_user/lwrun/common/NvmCtxMgmt.o
LOAD /home/wsg/lora-wan/IA-V2-MCU-1.0.2/m_user/lwrun/classB-main.o
LOAD /home/wsg/lora-wan/IA-V2-MCU-1.0.2/m_user/lwrun/classC-main.o
LOAD /home/wsg/lora-wan/IA-V2-MCU-1.0.2/m_user/lwrun/sdk-main.o
LOAD /home/wsg/lora-wan/IA-V2-MCU-1.0.2/m_user/lwrun/classA-main.o
LOAD /home/wsg/lora-wan/IA-V2-MCU-1.0.2/m_user/lwlinkwan/LoRaMacMulticast.o
LOAD /home/wsg/lora-wan/IA-V2-MCU-1.0.2/m_user/lwlinkwan/lora_module_controller.o
LOAD /home/wsg/lora-wan/IA-V2-MCU-1.0.2/m_user/lwlinkwan/lora_module_main.o
LOAD /home/wsg/lora-wan/IA-V2-MCU-1.0.2/m_user/lwlinkwan/lora_multicast_control.o
LOAD /home/wsg/lora-wan/IA-V2-MCU-1.0.2/m_user/lwtx-cw/lrtx-main.o
LOAD /home/wsg/lora-wan/IA-V2-MCU-1.0.2/m_user/lwrx-sensi/lrrx-main.o
LOAD /home/wsg/lora-wan/IA-V2-MCU-1.0.2/m_user/lwping-pong/lwpp-main.o
LOAD /home/wsg/lora-wan/IA-V2-MCU-1.0.2/m_system/arch/s32l083/libhal/Drivers/STM32L0xx_HAL_Driver/Src/stm32l0xx_hal.o
LOAD /home/wsg/lora-wan/IA-V2-MCU-1.0.2/m_system/arch/s32l083/libhal/Drivers/STM32L0xx_HAL_Driver/Src/stm32l0xx_hal_adc.o
LOAD /home/wsg/lora-wan/IA-V2-MCU-1.0.2/m_system/arch/s32l083/libhal/Drivers/STM32L0xx_HAL_Driver/Src/stm32l0xx_hal_adc_ex.o
LOAD /home/wsg/lora-wan/IA-V2-MCU-1.0.2/m_system/arch/s32l083/libhal/Drivers/STM32L0xx_HAL_Driver/Src/stm32l0xx_hal_iwdg.o
LOAD /home/wsg/lora-wan/IA-V2-MCU-1.0.2/m_system/arch/s32l083/libhal/Drivers/STM32L0xx_HAL_Driver/Src/stm32l0xx_hal_rtc.o
LOAD /home/wsg/lora-wan/IA-V2-MCU-1.0.2/m_system/arch/s32l083/libhal/Drivers/STM32L0xx_HAL_Driver/Src/stm32l0xx_hal_rtc_ex.o
LOAD /home/wsg/lora-wan/IA-V2-MCU-1.0.2/m_system/arch/s32l083/libhal/Drivers/STM32L0xx_HAL_Driver/Src/stm32l0xx_hal_spi.o
LOAD /home/wsg/lora-wan/IA-V2-MCU-1.0.2/m_system/arch/s32l083/libhal/Drivers/STM32L0xx_HAL_Driver/Src/stm32l0xx_hal_tim.o
LOAD /home/wsg/lora-wan/IA-V2-MCU-1.0.2/m_system/arch/s32l083/libhal/Drivers/STM32L0xx_HAL_Driver/Src/stm32l0xx_hal_tim_ex.o
LOAD /home/wsg/lora-wan/IA-V2-MCU-1.0.2/m_system/arch/s32l083/libhal/Drivers/STM32L0xx_HAL_Driver/Src/stm32l0xx_hal_uart.o
LOAD /home/wsg/lora-wan/IA-V2-MCU-1.0.2/m_system/arch/s32l083/libhal/Drivers/STM32L0xx_HAL_Driver/Src/stm32l0xx_hal_uart_ex.o
LOAD /home/wsg/lora-wan/IA-V2-MCU-1.0.2/m_system/arch/s32l083/libhal/Drivers/STM32L0xx_HAL_Driver/Src/stm32l0xx_hal_gpio.o
LOAD /home/wsg/lora-wan/IA-V2-MCU-1.0.2/m_system/arch/s32l083/libhal/Drivers/STM32L0xx_HAL_Driver/Src/stm32l0xx_hal_dma.o
LOAD /home/wsg/lora-wan/IA-V2-MCU-1.0.2/m_system/arch/s32l083/libhal/Drivers/STM32L0xx_HAL_Driver/Src/stm32l0xx_hal_i2c.o
LOAD /home/wsg/lora-wan/IA-V2-MCU-1.0.2/m_system/arch/s32l083/libhal/Drivers/STM32L0xx_HAL_Driver/Src/stm32l0xx_hal_i2c_ex.o
LOAD /home/wsg/lora-wan/IA-V2-MCU-1.0.2/m_system/arch/s32l083/libhal/Drivers/STM32L0xx_HAL_Driver/Src/stm32l0xx_hal_rcc.o
LOAD /home/wsg/lora-wan/IA-V2-MCU-1.0.2/m_system/arch/s32l083/libhal/Drivers/STM32L0xx_HAL_Driver/Src/stm32l0xx_hal_rcc_ex.o
LOAD /home/wsg/lora-wan/IA-V2-MCU-1.0.2/m_system/arch/s32l083/libhal/Drivers/STM32L0xx_HAL_Driver/Src/stm32l0xx_hal_flash.o
LOAD /home/wsg/lora-wan/IA-V2-MCU-1.0.2/m_system/arch/s32l083/libhal/Drivers/STM32L0xx_HAL_Driver/Src/stm32l0xx_hal_flash_ex.o
LOAD /home/wsg/lora-wan/IA-V2-MCU-1.0.2/m_system/arch/s32l083/libhal/Drivers/STM32L0xx_HAL_Driver/Src/stm32l0xx_hal_pwr.o
LOAD /home/wsg/lora-wan/IA-V2-MCU-1.0.2/m_system/arch/s32l083/libhal/Drivers/STM32L0xx_HAL_Driver/Src/stm32l0xx_hal_pwr_ex.o
LOAD /home/wsg/lora-wan/IA-V2-MCU-1.0.2/m_system/arch/s32l083/libhal/Drivers/STM32L0xx_HAL_Driver/Src/stm32l0xx_hal_cortex.o
LOAD /home/wsg/gcc-arm-none-eabi-8-2018-q4-major/bin/../lib/gcc/arm-none-eabi/8.2.1/../../../../arm-none-eabi/lib/thumb/v6-m/nofp/libc_nano.a
LOAD /home/wsg/gcc-arm-none-eabi-8-2018-q4-major/bin/../lib/gcc/arm-none-eabi/8.2.1/../../../../arm-none-eabi/lib/thumb/v6-m/nofp/libm.a
START GROUP
LOAD /home/wsg/gcc-arm-none-eabi-8-2018-q4-major/bin/../lib/gcc/arm-none-eabi/8.2.1/thumb/v6-m/nofp/libgcc.a
LOAD /home/wsg/gcc-arm-none-eabi-8-2018-q4-major/bin/../lib/gcc/arm-none-eabi/8.2.1/../../../../arm-none-eabi/lib/thumb/v6-m/nofp/libc_nano.a
END GROUP
START GROUP
LOAD /home/wsg/gcc-arm-none-eabi-8-2018-q4-major/bin/../lib/gcc/arm-none-eabi/8.2.1/thumb/v6-m/nofp/libgcc.a
LOAD /home/wsg/gcc-arm-none-eabi-8-2018-q4-major/bin/../lib/gcc/arm-none-eabi/8.2.1/../../../../arm-none-eabi/lib/thumb/v6-m/nofp/libc_nano.a
LOAD /home/wsg/gcc-arm-none-eabi-8-2018-q4-major/bin/../lib/gcc/arm-none-eabi/8.2.1/../../../../arm-none-eabi/lib/thumb/v6-m/nofp/librdimon_nano.a
END GROUP
START GROUP
LOAD /home/wsg/gcc-arm-none-eabi-8-2018-q4-major/bin/../lib/gcc/arm-none-eabi/8.2.1/thumb/v6-m/nofp/libgcc.a
LOAD /home/wsg/gcc-arm-none-eabi-8-2018-q4-major/bin/../lib/gcc/arm-none-eabi/8.2.1/../../../../arm-none-eabi/lib/thumb/v6-m/nofp/libc_nano.a
LOAD /home/wsg/gcc-arm-none-eabi-8-2018-q4-major/bin/../lib/gcc/arm-none-eabi/8.2.1/../../../../arm-none-eabi/lib/thumb/v6-m/nofp/librdimon_nano.a
END GROUP
LOAD /home/wsg/gcc-arm-none-eabi-8-2018-q4-major/bin/../lib/gcc/arm-none-eabi/8.2.1/thumb/v6-m/nofp/crtend.o
LOAD /home/wsg/gcc-arm-none-eabi-8-2018-q4-major/bin/../lib/gcc/arm-none-eabi/8.2.1/thumb/v6-m/nofp/crtn.o
                0x0000000020005000                _estack = 0x20005000
                0x0000000000000200                _Min_Heap_Size = 0x200
                0x0000000000000400                _Min_Stack_Size = 0x400

.isr_vector     0x0000000008000000       0xc0
                0x0000000008000000                . = ALIGN (0x4)
 *(.isr_vector)
 .isr_vector    0x0000000008000000       0xc0 /home/wsg/lora-wan/IA-V2-MCU-1.0.2/m_system/arch/s32l083/startup/startup_stm32l083xx.o
                0x0000000008000000                g_pfnVectors
                0x00000000080000c0                . = ALIGN (0x4)

.text           0x00000000080000c0    0x1514c
                0x00000000080000c0                . = ALIGN (0x4)
 *(.text)
 .text          0x00000000080000c0       0x48 /home/wsg/gcc-arm-none-eabi-8-2018-q4-major/bin/../lib/gcc/arm-none-eabi/8.2.1/thumb/v6-m/nofp/crtbegin.o
 .text          0x0000000008000108        0xe /home/wsg/gcc-arm-none-eabi-8-2018-q4-major/bin/../lib/gcc/arm-none-eabi/8.2.1/../../../../arm-none-eabi/lib/thumb/v6-m/nofp/libc_nano.a(lib_a-strlen.o)
                0x0000000008000108                strlen
 *fill*         0x0000000008000116        0x2 
 .text          0x0000000008000118       0x14 /home/wsg/gcc-arm-none-eabi-8-2018-q4-major/bin/../lib/gcc/arm-none-eabi/8.2.1/thumb/v6-m/nofp/libgcc.a(_thumb1_case_uqi.o)
                0x0000000008000118                __gnu_thumb1_case_uqi
 .text          0x000000000800012c       0x14 /home/wsg/gcc-arm-none-eabi-8-2018-q4-major/bin/../lib/gcc/arm-none-eabi/8.2.1/thumb/v6-m/nofp/libgcc.a(_thumb1_case_shi.o)
                0x000000000800012c                __gnu_thumb1_case_shi
 .text          0x0000000008000140       0x14 /home/wsg/gcc-arm-none-eabi-8-2018-q4-major/bin/../lib/gcc/arm-none-eabi/8.2.1/thumb/v6-m/nofp/libgcc.a(_thumb1_case_uhi.o)
                0x0000000008000140                __gnu_thumb1_case_uhi
 .text          0x0000000008000154      0x114 /home/wsg/gcc-arm-none-eabi-8-2018-q4-major/bin/../lib/gcc/arm-none-eabi/8.2.1/thumb/v6-m/nofp/libgcc.a(_udivsi3.o)
                0x0000000008000154                __udivsi3
                0x0000000008000154                __aeabi_uidiv
                0x0000000008000260                __aeabi_uidivmod
 .text          0x0000000008000268      0x1d4 /home/wsg/gcc-arm-none-eabi-8-2018-q4-major/bin/../lib/gcc/arm-none-eabi/8.2.1/thumb/v6-m/nofp/libgcc.a(_divsi3.o)
                0x0000000008000268                __aeabi_idiv
                0x0000000008000268                __divsi3
                0x0000000008000434                __aeabi_idivmod
 .text          0x000000000800043c        0x4 /home/wsg/gcc-arm-none-eabi-8-2018-q4-major/bin/../lib/gcc/arm-none-eabi/8.2.1/thumb/v6-m/nofp/libgcc.a(_dvmd_tls.o)
                0x000000000800043c                __aeabi_ldiv0
                0x000000000800043c                __aeabi_idiv0
 .text          0x0000000008000440       0x7c /home/wsg/gcc-arm-none-eabi-8-2018-q4-major/bin/../lib/gcc/arm-none-eabi/8.2.1/thumb/v6-m/nofp/libgcc.a(_arm_cmpdf2.o)
                0x0000000008000440                __aeabi_cdrcmple
                0x0000000008000450                __aeabi_cdcmple
                0x0000000008000450                __aeabi_cdcmpeq
                0x0000000008000460                __aeabi_dcmpeq
                0x000000000800046c                __aeabi_dcmplt
                0x0000000008000480                __aeabi_dcmple
                0x0000000008000494                __aeabi_dcmpgt
                0x00000000080004a8                __aeabi_dcmpge
 .text          0x00000000080004bc       0x74 /home/wsg/gcc-arm-none-eabi-8-2018-q4-major/bin/../lib/gcc/arm-none-eabi/8.2.1/thumb/v6-m/nofp/libgcc.a(_arm_cmpsf2.o)
                0x00000000080004bc                __aeabi_cfrcmple
                0x00000000080004c4                __aeabi_cfcmple
                0x00000000080004c4                __aeabi_cfcmpeq
                0x00000000080004d4                __aeabi_fcmpeq
                0x00000000080004e0                __aeabi_fcmplt
                0x00000000080004f4                __aeabi_fcmple
                0x0000000008000508                __aeabi_fcmpgt
                0x000000000800051c                __aeabi_fcmpge
 .text          0x0000000008000530       0x40 /home/wsg/gcc-arm-none-eabi-8-2018-q4-major/bin/../lib/gcc/arm-none-eabi/8.2.1/thumb/v6-m/nofp/libgcc.a(_aeabi_uldivmod.o)
                0x0000000008000530                __aeabi_uldivmod
 .text          0x0000000008000570       0x30 /home/wsg/gcc-arm-none-eabi-8-2018-q4-major/bin/../lib/gcc/arm-none-eabi/8.2.1/thumb/v6-m/nofp/libgcc.a(_fixunssfsi.o)
                0x0000000008000570                __aeabi_f2uiz
                0x0000000008000570                __fixunssfsi
 .text          0x00000000080005a0       0x3c /home/wsg/gcc-arm-none-eabi-8-2018-q4-major/bin/../lib/gcc/arm-none-eabi/8.2.1/thumb/v6-m/nofp/libgcc.a(_fixunsdfsi.o)
                0x00000000080005a0                __fixunsdfsi
                0x00000000080005a0                __aeabi_d2uiz
 .text          0x00000000080005dc      0x1a4 /home/wsg/gcc-arm-none-eabi-8-2018-q4-major/bin/../lib/gcc/arm-none-eabi/8.2.1/thumb/v6-m/nofp/libgcc.a(_udivmoddi4.o)
                0x00000000080005dc                __udivmoddi4
 .text          0x0000000008000780      0x2f8 /home/wsg/gcc-arm-none-eabi-8-2018-q4-major/bin/../lib/gcc/arm-none-eabi/8.2.1/thumb/v6-m/nofp/libgcc.a(addsf3.o)
                0x0000000008000780                __aeabi_fadd
 .text          0x0000000008000a78      0x230 /home/wsg/gcc-arm-none-eabi-8-2018-q4-major/bin/../lib/gcc/arm-none-eabi/8.2.1/thumb/v6-m/nofp/libgcc.a(divsf3.o)
                0x0000000008000a78                __aeabi_fdiv
 .text          0x0000000008000ca8       0x50 /home/wsg/gcc-arm-none-eabi-8-2018-q4-major/bin/../lib/gcc/arm-none-eabi/8.2.1/thumb/v6-m/nofp/libgcc.a(eqsf2.o)
                0x0000000008000ca8                __nesf2
                0x0000000008000ca8                __eqsf2
 .text          0x0000000008000cf8       0x9c /home/wsg/gcc-arm-none-eabi-8-2018-q4-major/bin/../lib/gcc/arm-none-eabi/8.2.1/thumb/v6-m/nofp/libgcc.a(gesf2.o)
                0x0000000008000cf8                __gtsf2
                0x0000000008000cf8                __gesf2
 .text          0x0000000008000d94       0x9c /home/wsg/gcc-arm-none-eabi-8-2018-q4-major/bin/../lib/gcc/arm-none-eabi/8.2.1/thumb/v6-m/nofp/libgcc.a(lesf2.o)
                0x0000000008000d94                __lesf2
                0x0000000008000d94                __ltsf2
 .text          0x0000000008000e30      0x22c /home/wsg/gcc-arm-none-eabi-8-2018-q4-major/bin/../lib/gcc/arm-none-eabi/8.2.1/thumb/v6-m/nofp/libgcc.a(mulsf3.o)
                0x0000000008000e30                __aeabi_fmul
 .text          0x000000000800105c      0x34c /home/wsg/gcc-arm-none-eabi-8-2018-q4-major/bin/../lib/gcc/arm-none-eabi/8.2.1/thumb/v6-m/nofp/libgcc.a(subsf3.o)
                0x000000000800105c                __aeabi_fsub
 .text          0x00000000080013a8       0x40 /home/wsg/gcc-arm-none-eabi-8-2018-q4-major/bin/../lib/gcc/arm-none-eabi/8.2.1/thumb/v6-m/nofp/libgcc.a(fixsfsi.o)
                0x00000000080013a8                __aeabi_f2iz
 .text          0x00000000080013e8       0x80 /home/wsg/gcc-arm-none-eabi-8-2018-q4-major/bin/../lib/gcc/arm-none-eabi/8.2.1/thumb/v6-m/nofp/libgcc.a(floatunsisf.o)
                0x00000000080013e8                __aeabi_ui2f
 .text          0x0000000008001468      0x6ec /home/wsg/gcc-arm-none-eabi-8-2018-q4-major/bin/../lib/gcc/arm-none-eabi/8.2.1/thumb/v6-m/nofp/libgcc.a(adddf3.o)
                0x0000000008001468                __aeabi_dadd
 .text          0x0000000008001b54      0x5ec /home/wsg/gcc-arm-none-eabi-8-2018-q4-major/bin/../lib/gcc/arm-none-eabi/8.2.1/thumb/v6-m/nofp/libgcc.a(divdf3.o)
                0x0000000008001b54                __aeabi_ddiv
 .text          0x0000000008002140       0x80 /home/wsg/gcc-arm-none-eabi-8-2018-q4-major/bin/../lib/gcc/arm-none-eabi/8.2.1/thumb/v6-m/nofp/libgcc.a(eqdf2.o)
                0x0000000008002140                __eqdf2
                0x0000000008002140                __nedf2
 .text          0x00000000080021c0       0xc8 /home/wsg/gcc-arm-none-eabi-8-2018-q4-major/bin/../lib/gcc/arm-none-eabi/8.2.1/thumb/v6-m/nofp/libgcc.a(gedf2.o)
                0x00000000080021c0                __gtdf2
                0x00000000080021c0                __gedf2
 .text          0x0000000008002288       0xc8 /home/wsg/gcc-arm-none-eabi-8-2018-q4-major/bin/../lib/gcc/arm-none-eabi/8.2.1/thumb/v6-m/nofp/libgcc.a(ledf2.o)
                0x0000000008002288                __ltdf2
                0x0000000008002288                __ledf2
 .text          0x0000000008002350      0x510 /home/wsg/gcc-arm-none-eabi-8-2018-q4-major/bin/../lib/gcc/arm-none-eabi/8.2.1/thumb/v6-m/nofp/libgcc.a(muldf3.o)
                0x0000000008002350                __aeabi_dmul
 .text          0x0000000008002860      0x730 /home/wsg/gcc-arm-none-eabi-8-2018-q4-major/bin/../lib/gcc/arm-none-eabi/8.2.1/thumb/v6-m/nofp/libgcc.a(subdf3.o)
                0x0000000008002860                __aeabi_dsub
 .text          0x0000000008002f90       0x6c /home/wsg/gcc-arm-none-eabi-8-2018-q4-major/bin/../lib/gcc/arm-none-eabi/8.2.1/thumb/v6-m/nofp/libgcc.a(fixdfsi.o)
                0x0000000008002f90                __aeabi_d2iz
 .text          0x0000000008002ffc       0x78 /home/wsg/gcc-arm-none-eabi-8-2018-q4-major/bin/../lib/gcc/arm-none-eabi/8.2.1/thumb/v6-m/nofp/libgcc.a(floatsidf.o)
                0x0000000008002ffc                __aeabi_i2d
 .text          0x0000000008003074       0x64 /home/wsg/gcc-arm-none-eabi-8-2018-q4-major/bin/../lib/gcc/arm-none-eabi/8.2.1/thumb/v6-m/nofp/libgcc.a(floatunsidf.o)
                0x0000000008003074                __aeabi_ui2d
 .text          0x00000000080030d8       0xa4 /home/wsg/gcc-arm-none-eabi-8-2018-q4-major/bin/../lib/gcc/arm-none-eabi/8.2.1/thumb/v6-m/nofp/libgcc.a(extendsfdf2.o)
                0x00000000080030d8                __aeabi_f2d
 .text          0x000000000800317c      0x110 /home/wsg/gcc-arm-none-eabi-8-2018-q4-major/bin/../lib/gcc/arm-none-eabi/8.2.1/thumb/v6-m/nofp/libgcc.a(truncdfsf2.o)
                0x000000000800317c                __aeabi_d2f
 .text          0x000000000800328c       0x3c /home/wsg/gcc-arm-none-eabi-8-2018-q4-major/bin/../lib/gcc/arm-none-eabi/8.2.1/thumb/v6-m/nofp/libgcc.a(_clzsi2.o)
                0x000000000800328c                __clzsi2
 .text          0x00000000080032c8       0x18 /home/wsg/gcc-arm-none-eabi-8-2018-q4-major/bin/../lib/gcc/arm-none-eabi/8.2.1/thumb/v6-m/nofp/libgcc.a(_clzdi2.o)
                0x00000000080032c8                __clzdi2
 *(.text*)
 .text.__libc_init_array
                0x00000000080032e0       0x48 /home/wsg/gcc-arm-none-eabi-8-2018-q4-major/bin/../lib/gcc/arm-none-eabi/8.2.1/../../../../arm-none-eabi/lib/thumb/v6-m/nofp/libc_nano.a(lib_a-init.o)
                0x00000000080032e0                __libc_init_array
 .text.memset   0x0000000008003328       0x10 /home/wsg/gcc-arm-none-eabi-8-2018-q4-major/bin/../lib/gcc/arm-none-eabi/8.2.1/../../../../arm-none-eabi/lib/thumb/v6-m/nofp/libc_nano.a(lib_a-memset.o)
                0x0000000008003328                memset
 .text.Reset_Handler
                0x0000000008003338       0x50 /home/wsg/lora-wan/IA-V2-MCU-1.0.2/m_system/arch/s32l083/startup/startup_stm32l083xx.o
                0x0000000008003338                Reset_Handler
 .text.Default_Handler
                0x0000000008003388        0x2 /home/wsg/lora-wan/IA-V2-MCU-1.0.2/m_system/arch/s32l083/startup/startup_stm32l083xx.o
                0x0000000008003388                TSC_IRQHandler
                0x0000000008003388                ADC1_COMP_IRQHandler
                0x0000000008003388                PVD_IRQHandler
                0x0000000008003388                I2C1_IRQHandler
                0x0000000008003388                RCC_CRS_IRQHandler
                0x0000000008003388                SPI1_IRQHandler
                0x0000000008003388                TIM6_DAC_IRQHandler
                0x0000000008003388                I2C2_IRQHandler
                0x0000000008003388                LCD_IRQHandler
                0x0000000008003388                DMA1_Channel4_5_6_7_IRQHandler
                0x0000000008003388                DMA1_Channel1_IRQHandler
                0x0000000008003388                Default_Handler
                0x0000000008003388                TIM22_IRQHandler
                0x0000000008003388                TIM7_IRQHandler
                0x0000000008003388                USB_IRQHandler
                0x0000000008003388                I2C3_IRQHandler
                0x0000000008003388                SPI2_IRQHandler
                0x0000000008003388                TIM21_IRQHandler
                0x0000000008003388                WWDG_IRQHandler
                0x0000000008003388                TIM2_IRQHandler
                0x0000000008003388                USART2_IRQHandler
                0x0000000008003388                FLASH_IRQHandler
                0x0000000008003388                USART1_IRQHandler
                0x0000000008003388                LPTIM1_IRQHandler
 *fill*         0x000000000800338a        0x2 
 .text.HAL_MspInit
                0x000000000800338c       0x40 /home/wsg/lora-wan/IA-V2-MCU-1.0.2/m_system/arch/s32l083/Src/stm32l0xx_hal_msp.o
                0x000000000800338c                HAL_MspInit
 .text.SysTick_Handler
                0x00000000080033cc        0xc /home/wsg/lora-wan/IA-V2-MCU-1.0.2/m_system/arch/s32l083/Src/stm32l0xx_it.o
                0x00000000080033cc                SysTick_Handler
 .text.SystemInit
                0x00000000080033d8       0x5c /home/wsg/lora-wan/IA-V2-MCU-1.0.2/m_system/arch/s32l083/Src/system_stm32l0xx.o
                0x00000000080033d8                SystemInit
 .text.init     0x0000000008003434      0x128 /home/wsg/lora-wan/IA-V2-MCU-1.0.2/m_system/hal_driver/clock/clock_driver.o
                0x0000000008003434                clock_init
 .text.DMA1_Channel2_3_IRQHandler
                0x000000000800355c       0x10 /home/wsg/lora-wan/IA-V2-MCU-1.0.2/m_system/hal_driver/dma/dma1_driver.o
                0x000000000800355c                DMA1_Channel2_3_IRQHandler
 .text.init     0x000000000800356c        0x4 /home/wsg/lora-wan/IA-V2-MCU-1.0.2/m_system/hal_driver/flash/flash_driver.o
 .text.flash_ioctl
                0x0000000008003570       0x84 /home/wsg/lora-wan/IA-V2-MCU-1.0.2/m_system/hal_driver/flash/flash_driver.o
 .text.flash_write
                0x00000000080035f4      0x120 /home/wsg/lora-wan/IA-V2-MCU-1.0.2/m_system/hal_driver/flash/flash_driver.o
 .text.flash_read
                0x0000000008003714       0x98 /home/wsg/lora-wan/IA-V2-MCU-1.0.2/m_system/hal_driver/flash/flash_driver.o
 .text.init     0x00000000080037ac        0x4 /home/wsg/lora-wan/IA-V2-MCU-1.0.2/m_system/hal_driver/gpio/gpio_driver.o
 .text.gpio_group_get
                0x00000000080037b0       0x18 /home/wsg/lora-wan/IA-V2-MCU-1.0.2/m_system/hal_driver/gpio/gpio_driver.o
                0x00000000080037b0                gpio_group_get
 .text.gpio_write
                0x00000000080037c8       0x32 /home/wsg/lora-wan/IA-V2-MCU-1.0.2/m_system/hal_driver/gpio/gpio_driver.o
 .text.gpio_read
                0x00000000080037fa       0x2c /home/wsg/lora-wan/IA-V2-MCU-1.0.2/m_system/hal_driver/gpio/gpio_driver.o
 .text.gpio_comm_init
                0x0000000008003826       0x2c /home/wsg/lora-wan/IA-V2-MCU-1.0.2/m_system/hal_driver/gpio/gpio_driver.o
                0x0000000008003826                gpio_comm_init
 .text.gpio_ioctrl
                0x0000000008003852       0xac /home/wsg/lora-wan/IA-V2-MCU-1.0.2/m_system/hal_driver/gpio/gpio_driver.o
 .text.io_ctrl_init
                0x00000000080038fe       0xb6 /home/wsg/lora-wan/IA-V2-MCU-1.0.2/m_system/hal_driver/io_ctrl/io_ctrl.o
 .text.spi1_init
                0x00000000080039b4       0x70 /home/wsg/lora-wan/IA-V2-MCU-1.0.2/m_system/hal_driver/spi/spi.o
 .text.HAL_SPI_MspInit
                0x0000000008003a24       0x40 /home/wsg/lora-wan/IA-V2-MCU-1.0.2/m_system/hal_driver/spi/spi.o
                0x0000000008003a24                HAL_SPI_MspInit
 .text.spi1_cs  0x0000000008003a64       0x18 /home/wsg/lora-wan/IA-V2-MCU-1.0.2/m_system/hal_driver/spi/spi.o
                0x0000000008003a64                spi1_cs
 .text.spi1_xfer
                0x0000000008003a7c       0x38 /home/wsg/lora-wan/IA-V2-MCU-1.0.2/m_system/hal_driver/spi/spi.o
                0x0000000008003a7c                spi1_xfer
 .text.timer_read
                0x0000000008003ab4       0x10 /home/wsg/lora-wan/IA-V2-MCU-1.0.2/m_system/hal_driver/timer/s32timer/timer_driver.o
 .text.timer_ioctl
                0x0000000008003ac4       0x1a /home/wsg/lora-wan/IA-V2-MCU-1.0.2/m_system/hal_driver/timer/s32timer/timer_driver.o
 *fill*         0x0000000008003ade        0x2 
 .text.timer_wakeup
                0x0000000008003ae0       0x28 /home/wsg/lora-wan/IA-V2-MCU-1.0.2/m_system/hal_driver/timer/s32timer/timer_driver.o
 .text.timer_init
                0x0000000008003b08       0x6c /home/wsg/lora-wan/IA-V2-MCU-1.0.2/m_system/hal_driver/timer/s32timer/timer_driver.o
 .text.TIM3_IRQHandler
                0x0000000008003b74       0x10 /home/wsg/lora-wan/IA-V2-MCU-1.0.2/m_system/hal_driver/timer/s32timer/timer_driver.o
                0x0000000008003b74                TIM3_IRQHandler
 .text.HAL_TIM_IC_MspInit
                0x0000000008003b84       0x50 /home/wsg/lora-wan/IA-V2-MCU-1.0.2/m_system/hal_driver/timer/s32timer/timer_driver.o
                0x0000000008003b84                HAL_TIM_IC_MspInit
 .text.HAL_TIM_IC_CaptureCallback
                0x0000000008003bd4       0x7c /home/wsg/lora-wan/IA-V2-MCU-1.0.2/m_system/hal_driver/timer/s32timer/timer_driver.o
                0x0000000008003bd4                HAL_TIM_IC_CaptureCallback
 .text.init     0x0000000008003c50        0x4 /home/wsg/lora-wan/IA-V2-MCU-1.0.2/m_system/hal_driver/trace/trace.o
 .text.trace_msg_send
                0x0000000008003c54        0x2 /home/wsg/lora-wan/IA-V2-MCU-1.0.2/m_system/hal_driver/trace/trace.o
                0x0000000008003c54                trace_msg_send
 .text.trace_finished
                0x0000000008003c56        0x2 /home/wsg/lora-wan/IA-V2-MCU-1.0.2/m_system/hal_driver/trace/trace.o
                0x0000000008003c56                trace_finished
 .text.NMI_Handler
                0x0000000008003c58        0x8 /home/wsg/lora-wan/IA-V2-MCU-1.0.2/m_system/hal_driver/trace/trace.o
                0x0000000008003c58                NMI_Handler
 .text.HardFault_Handler
                0x0000000008003c60        0x8 /home/wsg/lora-wan/IA-V2-MCU-1.0.2/m_system/hal_driver/trace/trace.o
                0x0000000008003c60                HardFault_Handler
 .text.HAL_UART_MspInit
                0x0000000008003c68       0xb4 /home/wsg/lora-wan/IA-V2-MCU-1.0.2/m_system/hal_driver/uart/uart_driver_comm.o
                0x0000000008003c68                HAL_UART_MspInit
 .text.HAL_UART_MspDeInit
                0x0000000008003d1c       0x7c /home/wsg/lora-wan/IA-V2-MCU-1.0.2/m_system/hal_driver/uart/uart_driver_comm.o
                0x0000000008003d1c                HAL_UART_MspDeInit
 .text.HAL_UART_RxCpltCallback
                0x0000000008003d98       0x34 /home/wsg/lora-wan/IA-V2-MCU-1.0.2/m_system/hal_driver/uart/uart_driver_comm.o
                0x0000000008003d98                HAL_UART_RxCpltCallback
 .text.HAL_UART_ErrorCallback
                0x0000000008003dcc        0x2 /home/wsg/lora-wan/IA-V2-MCU-1.0.2/m_system/hal_driver/uart/uart_driver_comm.o
                0x0000000008003dcc                HAL_UART_ErrorCallback
 .text.comm_uart_read
                0x0000000008003dce       0x84 /home/wsg/lora-wan/IA-V2-MCU-1.0.2/m_system/hal_driver/uart/uart_driver_comm.o
                0x0000000008003dce                comm_uart_read
 *fill*         0x0000000008003e52        0x2 
 .text.comm_uart_write_it
                0x0000000008003e54       0xbc /home/wsg/lora-wan/IA-V2-MCU-1.0.2/m_system/hal_driver/uart/uart_driver_comm.o
                0x0000000008003e54                comm_uart_write_it
 .text.comm_uart_ioctl
                0x0000000008003f10       0x24 /home/wsg/lora-wan/IA-V2-MCU-1.0.2/m_system/hal_driver/uart/uart_driver_comm.o
                0x0000000008003f10                comm_uart_ioctl
 .text.uart_comm_timer_handle
                0x0000000008003f34       0x74 /home/wsg/lora-wan/IA-V2-MCU-1.0.2/m_system/hal_driver/uart/uart_driver_comm.o
                0x0000000008003f34                uart_comm_timer_handle
 .text.destroy_comm_uart
                0x0000000008003fa8       0x42 /home/wsg/lora-wan/IA-V2-MCU-1.0.2/m_system/hal_driver/uart/uart_driver_comm.o
                0x0000000008003fa8                destroy_comm_uart
 .text.create_comm_huart
                0x0000000008003fea       0xbe /home/wsg/lora-wan/IA-V2-MCU-1.0.2/m_system/hal_driver/uart/uart_driver_comm.o
                0x0000000008003fea                create_comm_huart
 .text.lpuart_phy_timer
                0x00000000080040a8       0x50 /home/wsg/lora-wan/IA-V2-MCU-1.0.2/m_system/hal_driver/uart/lpuart.o
 .text.lpuart_ioctrl
                0x00000000080040f8       0x24 /home/wsg/lora-wan/IA-V2-MCU-1.0.2/m_system/hal_driver/uart/lpuart.o
 .text.lpuart_write
                0x000000000800411c       0x24 /home/wsg/lora-wan/IA-V2-MCU-1.0.2/m_system/hal_driver/uart/lpuart.o
 .text.lpuart_wakeup
                0x0000000008004140       0x28 /home/wsg/lora-wan/IA-V2-MCU-1.0.2/m_system/hal_driver/uart/lpuart.o
 .text.lpuart_rx
                0x0000000008004168       0x24 /home/wsg/lora-wan/IA-V2-MCU-1.0.2/m_system/hal_driver/uart/lpuart.o
 .text.lpuart_init
                0x000000000800418c       0xf0 /home/wsg/lora-wan/IA-V2-MCU-1.0.2/m_system/hal_driver/uart/lpuart.o
                0x000000000800418c                lpuart_init
 .text.AES_RNG_LPUART1_IRQHandler
                0x000000000800427c       0x3c /home/wsg/lora-wan/IA-V2-MCU-1.0.2/m_system/hal_driver/uart/lpuart.o
                0x000000000800427c                AES_RNG_LPUART1_IRQHandler
 .text.lpuart_data_add
                0x00000000080042b8       0x70 /home/wsg/lora-wan/IA-V2-MCU-1.0.2/m_system/hal_driver/uart/lpuart.o
                0x00000000080042b8                lpuart_data_add
 .text.lprint   0x0000000008004328       0x30 /home/wsg/lora-wan/IA-V2-MCU-1.0.2/m_system/hal_driver/uart/lpuart.o
                0x0000000008004328                lprint
 .text.uart4_ioctrl
                0x0000000008004358       0x24 /home/wsg/lora-wan/IA-V2-MCU-1.0.2/m_system/hal_driver/uart/uart4.o
 .text.uart4_write
                0x000000000800437c       0x24 /home/wsg/lora-wan/IA-V2-MCU-1.0.2/m_system/hal_driver/uart/uart4.o
 .text.uart4_wakeup
                0x00000000080043a0       0x2c /home/wsg/lora-wan/IA-V2-MCU-1.0.2/m_system/hal_driver/uart/uart4.o
 .text.uart4_rx
                0x00000000080043cc       0x24 /home/wsg/lora-wan/IA-V2-MCU-1.0.2/m_system/hal_driver/uart/uart4.o
 .text.uart4_phy_timer
                0x00000000080043f0       0x50 /home/wsg/lora-wan/IA-V2-MCU-1.0.2/m_system/hal_driver/uart/uart4.o
 .text.init     0x0000000008004440       0xb4 /home/wsg/lora-wan/IA-V2-MCU-1.0.2/m_system/hal_driver/uart/uart4.o
 .text.USART4_5_IRQHandler
                0x00000000080044f4       0x18 /home/wsg/lora-wan/IA-V2-MCU-1.0.2/m_system/hal_driver/uart/uart4.o
                0x00000000080044f4                USART4_5_IRQHandler
 .text.uart4_data_add
                0x000000000800450c       0x70 /home/wsg/lora-wan/IA-V2-MCU-1.0.2/m_system/hal_driver/uart/uart4.o
                0x000000000800450c                uart4_data_add
 .text.uart5_ioctrl
                0x000000000800457c       0x24 /home/wsg/lora-wan/IA-V2-MCU-1.0.2/m_system/hal_driver/uart/uart5.o
 .text.uart5_write
                0x00000000080045a0       0x24 /home/wsg/lora-wan/IA-V2-MCU-1.0.2/m_system/hal_driver/uart/uart5.o
 .text.uart5_suspend
                0x00000000080045c4       0x10 /home/wsg/lora-wan/IA-V2-MCU-1.0.2/m_system/hal_driver/uart/uart5.o
 .text.uart5_rx
                0x00000000080045d4       0x24 /home/wsg/lora-wan/IA-V2-MCU-1.0.2/m_system/hal_driver/uart/uart5.o
 .text.uart5_phy_timer
                0x00000000080045f8       0x50 /home/wsg/lora-wan/IA-V2-MCU-1.0.2/m_system/hal_driver/uart/uart5.o
 .text.init     0x0000000008004648       0xe4 /home/wsg/lora-wan/IA-V2-MCU-1.0.2/m_system/hal_driver/uart/uart5.o
 .text.uart5_wakeup
                0x000000000800472c       0x78 /home/wsg/lora-wan/IA-V2-MCU-1.0.2/m_system/hal_driver/uart/uart5.o
 .text.uart5_data_add
                0x00000000080047a4       0x70 /home/wsg/lora-wan/IA-V2-MCU-1.0.2/m_system/hal_driver/uart/uart5.o
                0x00000000080047a4                uart5_data_add
 .text.wdog_refresh
                0x0000000008004814       0x10 /home/wsg/lora-wan/IA-V2-MCU-1.0.2/m_system/hal_driver/wdog/iwdog_driver.o
 .text.init     0x0000000008004824       0x4c /home/wsg/lora-wan/IA-V2-MCU-1.0.2/m_system/hal_driver/wdog/iwdog_driver.o
 .text.GpioMcuSetInterrupt
                0x0000000008004870       0xec /home/wsg/lora-wan/IA-V2-MCU-1.0.2/m_system/hal_driver/lwboard/gpio-board.o
                0x0000000008004870                GpioMcuSetInterrupt
 .text.GpioMcuWrite
                0x000000000800495c       0x1a /home/wsg/lora-wan/IA-V2-MCU-1.0.2/m_system/hal_driver/lwboard/gpio-board.o
                0x000000000800495c                GpioMcuWrite
 *fill*         0x0000000008004976        0x2 
 .text.GpioMcuInit
                0x0000000008004978      0x144 /home/wsg/lora-wan/IA-V2-MCU-1.0.2/m_system/hal_driver/lwboard/gpio-board.o
                0x0000000008004978                GpioMcuInit
 .text.EXTI0_1_IRQHandler
                0x0000000008004abc       0x10 /home/wsg/lora-wan/IA-V2-MCU-1.0.2/m_system/hal_driver/lwboard/gpio-board.o
                0x0000000008004abc                EXTI0_1_IRQHandler
 .text.EXTI2_3_IRQHandler
                0x0000000008004acc       0x10 /home/wsg/lora-wan/IA-V2-MCU-1.0.2/m_system/hal_driver/lwboard/gpio-board.o
                0x0000000008004acc                EXTI2_3_IRQHandler
 .text.EXTI4_15_IRQHandler
                0x0000000008004adc       0x5c /home/wsg/lora-wan/IA-V2-MCU-1.0.2/m_system/hal_driver/lwboard/gpio-board.o
                0x0000000008004adc                EXTI4_15_IRQHandler
 .text.HAL_GPIO_EXTI_Callback
                0x0000000008004b38       0x28 /home/wsg/lora-wan/IA-V2-MCU-1.0.2/m_system/hal_driver/lwboard/gpio-board.o
                0x0000000008004b38                HAL_GPIO_EXTI_Callback
 .text.RtcGetCalendarValue
                0x0000000008004b60       0xb4 /home/wsg/lora-wan/IA-V2-MCU-1.0.2/m_system/hal_driver/lwboard/rtc-board.o
 .text.lwrtc_time_print
                0x0000000008004c14       0x58 /home/wsg/lora-wan/IA-V2-MCU-1.0.2/m_system/hal_driver/lwboard/rtc-board.o
                0x0000000008004c14                lwrtc_time_print
 .text.RtcSetTimerContext
                0x0000000008004c6c       0x18 /home/wsg/lora-wan/IA-V2-MCU-1.0.2/m_system/hal_driver/lwboard/rtc-board.o
                0x0000000008004c6c                RtcSetTimerContext
 .text.RtcInit  0x0000000008004c84       0xa4 /home/wsg/lora-wan/IA-V2-MCU-1.0.2/m_system/hal_driver/lwboard/rtc-board.o
                0x0000000008004c84                RtcInit
 .text.RtcGetTimerContext
                0x0000000008004d28        0xc /home/wsg/lora-wan/IA-V2-MCU-1.0.2/m_system/hal_driver/lwboard/rtc-board.o
                0x0000000008004d28                RtcGetTimerContext
 .text.RtcGetMinimumTimeout
                0x0000000008004d34        0x4 /home/wsg/lora-wan/IA-V2-MCU-1.0.2/m_system/hal_driver/lwboard/rtc-board.o
                0x0000000008004d34                RtcGetMinimumTimeout
 .text.RtcMs2Tick
                0x0000000008004d38       0x10 /home/wsg/lora-wan/IA-V2-MCU-1.0.2/m_system/hal_driver/lwboard/rtc-board.o
                0x0000000008004d38                RtcMs2Tick
 .text.RtcTick2Ms
                0x0000000008004d48       0x14 /home/wsg/lora-wan/IA-V2-MCU-1.0.2/m_system/hal_driver/lwboard/rtc-board.o
                0x0000000008004d48                RtcTick2Ms
 .text.RtcStopAlarm
                0x0000000008004d5c       0x30 /home/wsg/lora-wan/IA-V2-MCU-1.0.2/m_system/hal_driver/lwboard/rtc-board.o
                0x0000000008004d5c                RtcStopAlarm
 .text.RtcStartAlarm
                0x0000000008004d8c      0x120 /home/wsg/lora-wan/IA-V2-MCU-1.0.2/m_system/hal_driver/lwboard/rtc-board.o
                0x0000000008004d8c                RtcStartAlarm
 .text.RtcGetTimerValue
                0x0000000008004eac        0xe /home/wsg/lora-wan/IA-V2-MCU-1.0.2/m_system/hal_driver/lwboard/rtc-board.o
                0x0000000008004eac                RtcGetTimerValue
 *fill*         0x0000000008004eba        0x2 
 .text.RtcGetTimerElapsedTime
                0x0000000008004ebc       0x18 /home/wsg/lora-wan/IA-V2-MCU-1.0.2/m_system/hal_driver/lwboard/rtc-board.o
                0x0000000008004ebc                RtcGetTimerElapsedTime
 .text.RtcSetAlarm
                0x0000000008004ed4       0x3c /home/wsg/lora-wan/IA-V2-MCU-1.0.2/m_system/hal_driver/lwboard/rtc-board.o
                0x0000000008004ed4                RtcSetAlarm
 .text.RtcGetCalendarTime
                0x0000000008004f10       0x20 /home/wsg/lora-wan/IA-V2-MCU-1.0.2/m_system/hal_driver/lwboard/rtc-board.o
                0x0000000008004f10                RtcGetCalendarTime
 .text.RTC_IRQHandler
                0x0000000008004f30       0x40 /home/wsg/lora-wan/IA-V2-MCU-1.0.2/m_system/hal_driver/lwboard/rtc-board.o
                0x0000000008004f30                RTC_IRQHandler
 .text.RtcBkupWrite
                0x0000000008004f70       0x20 /home/wsg/lora-wan/IA-V2-MCU-1.0.2/m_system/hal_driver/lwboard/rtc-board.o
                0x0000000008004f70                RtcBkupWrite
 .text.RtcBkupRead
                0x0000000008004f90       0x24 /home/wsg/lora-wan/IA-V2-MCU-1.0.2/m_system/hal_driver/lwboard/rtc-board.o
                0x0000000008004f90                RtcBkupRead
 .text.RtcTempCompensation
                0x0000000008004fb4       0x68 /home/wsg/lora-wan/IA-V2-MCU-1.0.2/m_system/hal_driver/lwboard/rtc-board.o
                0x0000000008004fb4                RtcTempCompensation
 .text.SX1276CheckRfFrequency
                0x000000000800501c        0x4 /home/wsg/lora-wan/IA-V2-MCU-1.0.2/m_system/hal_driver/lwboard/sx1276mb1las-board.o
                0x000000000800501c                SX1276CheckRfFrequency
 .text.SX1276IoInit
                0x0000000008005020       0x80 /home/wsg/lora-wan/IA-V2-MCU-1.0.2/m_system/hal_driver/lwboard/sx1276mb1las-board.o
                0x0000000008005020                SX1276IoInit
 .text.SX1276IoIrqInit
                0x00000000080050a0       0x68 /home/wsg/lora-wan/IA-V2-MCU-1.0.2/m_system/hal_driver/lwboard/sx1276mb1las-board.o
                0x00000000080050a0                SX1276IoIrqInit
 .text.SX1276GetBoardTcxoWakeupTime
                0x0000000008005108        0x4 /home/wsg/lora-wan/IA-V2-MCU-1.0.2/m_system/hal_driver/lwboard/sx1276mb1las-board.o
                0x0000000008005108                SX1276GetBoardTcxoWakeupTime
 .text.SX1276Reset
                0x000000000800510c       0x3c /home/wsg/lora-wan/IA-V2-MCU-1.0.2/m_system/hal_driver/lwboard/sx1276mb1las-board.o
                0x000000000800510c                SX1276Reset
 .text.SX1276SetRfTxPower
                0x0000000008005148       0x50 /home/wsg/lora-wan/IA-V2-MCU-1.0.2/m_system/hal_driver/lwboard/sx1276mb1las-board.o
                0x0000000008005148                SX1276SetRfTxPower
 .text.SX1276SetAntSwLowPower
                0x0000000008005198       0x10 /home/wsg/lora-wan/IA-V2-MCU-1.0.2/m_system/hal_driver/lwboard/sx1276mb1las-board.o
                0x0000000008005198                SX1276SetAntSwLowPower
 .text.rand1    0x00000000080051a8       0x2c /home/wsg/lora-wan/IA-V2-MCU-1.0.2/m_system/hal_driver/lwboard/utilities.o
                0x00000000080051a8                rand1
 .text.srand1   0x00000000080051d4        0xc /home/wsg/lora-wan/IA-V2-MCU-1.0.2/m_system/hal_driver/lwboard/utilities.o
                0x00000000080051d4                srand1
 .text.randr    0x00000000080051e0       0x16 /home/wsg/lora-wan/IA-V2-MCU-1.0.2/m_system/hal_driver/lwboard/utilities.o
                0x00000000080051e0                randr
 .text.memcpy1  0x00000000080051f6       0x12 /home/wsg/lora-wan/IA-V2-MCU-1.0.2/m_system/hal_driver/lwboard/utilities.o
                0x00000000080051f6                memcpy1
 .text.memcpyr  0x0000000008005208       0x18 /home/wsg/lora-wan/IA-V2-MCU-1.0.2/m_system/hal_driver/lwboard/utilities.o
                0x0000000008005208                memcpyr
 .text.memset1  0x0000000008005220       0x18 /home/wsg/lora-wan/IA-V2-MCU-1.0.2/m_system/hal_driver/lwboard/utilities.o
                0x0000000008005220                memset1
 .text.LpmSetStopMode
                0x0000000008005238       0x34 /home/wsg/lora-wan/IA-V2-MCU-1.0.2/m_system/hal_driver/lwboard/lpm-board.o
                0x0000000008005238                LpmSetStopMode
 .text.LpmGetMode
                0x000000000800526c       0x30 /home/wsg/lora-wan/IA-V2-MCU-1.0.2/m_system/hal_driver/lwboard/lpm-board.o
                0x000000000800526c                LpmGetMode
 .text.LpmExitSleepMode
                0x000000000800529c        0x2 /home/wsg/lora-wan/IA-V2-MCU-1.0.2/m_system/hal_driver/lwboard/lpm-board.o
                0x000000000800529c                LpmExitSleepMode
 .text.LpmEnterStopMode
                0x000000000800529e        0x2 /home/wsg/lora-wan/IA-V2-MCU-1.0.2/m_system/hal_driver/lwboard/lpm-board.o
                0x000000000800529e                LpmEnterStopMode
 .text.LpmExitStopMode
                0x00000000080052a0        0x2 /home/wsg/lora-wan/IA-V2-MCU-1.0.2/m_system/hal_driver/lwboard/lpm-board.o
                0x00000000080052a0                LpmExitStopMode
 .text.LpmEnterOffMode
                0x00000000080052a2        0x2 /home/wsg/lora-wan/IA-V2-MCU-1.0.2/m_system/hal_driver/lwboard/lpm-board.o
                0x00000000080052a2                LpmEnterOffMode
 .text.LpmExitOffMode
                0x00000000080052a4        0x2 /home/wsg/lora-wan/IA-V2-MCU-1.0.2/m_system/hal_driver/lwboard/lpm-board.o
                0x00000000080052a4                LpmExitOffMode
 *fill*         0x00000000080052a6        0x2 
 .text.LpmEnterLowPower
                0x00000000080052a8       0x38 /home/wsg/lora-wan/IA-V2-MCU-1.0.2/m_system/hal_driver/lwboard/lpm-board.o
                0x00000000080052a8                LpmEnterLowPower
 .text.BoardCriticalSectionBegin
                0x00000000080052e0        0xa /home/wsg/lora-wan/IA-V2-MCU-1.0.2/m_system/hal_driver/lwboard/board.o
                0x00000000080052e0                BoardCriticalSectionBegin
 .text.BoardCriticalSectionEnd
                0x00000000080052ea        0x8 /home/wsg/lora-wan/IA-V2-MCU-1.0.2/m_system/hal_driver/lwboard/board.o
                0x00000000080052ea                BoardCriticalSectionEnd
 .text.BoardInitPeriph
                0x00000000080052f2        0x2 /home/wsg/lora-wan/IA-V2-MCU-1.0.2/m_system/hal_driver/lwboard/board.o
                0x00000000080052f2                BoardInitPeriph
 .text.BoardInitMcu
                0x00000000080052f4        0x8 /home/wsg/lora-wan/IA-V2-MCU-1.0.2/m_system/hal_driver/lwboard/board.o
                0x00000000080052f4                BoardInitMcu
 .text.LpmEnterSleepMode
                0x00000000080052fc        0xc /home/wsg/lora-wan/IA-V2-MCU-1.0.2/m_system/hal_driver/lwboard/board.o
                0x00000000080052fc                LpmEnterSleepMode
 .text.BoardLowPowerHandler
                0x0000000008005308        0xc /home/wsg/lora-wan/IA-V2-MCU-1.0.2/m_system/hal_driver/lwboard/board.o
                0x0000000008005308                BoardLowPowerHandler
 .text.GpioInit
                0x0000000008005314       0x12 /home/wsg/lora-wan/IA-V2-MCU-1.0.2/m_system/hal_driver/lwsystem/gpio.o
                0x0000000008005314                GpioInit
 .text.GpioSetInterrupt
                0x0000000008005326        0x8 /home/wsg/lora-wan/IA-V2-MCU-1.0.2/m_system/hal_driver/lwsystem/gpio.o
                0x0000000008005326                GpioSetInterrupt
 .text.TimerSetTimeout
                0x000000000800532e       0x2a /home/wsg/lora-wan/IA-V2-MCU-1.0.2/m_system/hal_driver/lwsystem/timer.o
 .text.TimerInsertNewHeadTimer
                0x0000000008005358       0x1c /home/wsg/lora-wan/IA-V2-MCU-1.0.2/m_system/hal_driver/lwsystem/timer.o
 .text.TimerInit
                0x0000000008005374        0xe /home/wsg/lora-wan/IA-V2-MCU-1.0.2/m_system/hal_driver/lwsystem/timer.o
                0x0000000008005374                TimerInit
 *fill*         0x0000000008005382        0x2 
 .text.TimerStart
                0x0000000008005384       0x74 /home/wsg/lora-wan/IA-V2-MCU-1.0.2/m_system/hal_driver/lwsystem/timer.o
                0x0000000008005384                TimerStart
 .text.TimerIrqHandler
                0x00000000080053f8       0x70 /home/wsg/lora-wan/IA-V2-MCU-1.0.2/m_system/hal_driver/lwsystem/timer.o
                0x00000000080053f8                TimerIrqHandler
 .text.TimerStop
                0x0000000008005468       0x5c /home/wsg/lora-wan/IA-V2-MCU-1.0.2/m_system/hal_driver/lwsystem/timer.o
                0x0000000008005468                TimerStop
 .text.TimerSetValue
                0x00000000080054c4       0x22 /home/wsg/lora-wan/IA-V2-MCU-1.0.2/m_system/hal_driver/lwsystem/timer.o
                0x00000000080054c4                TimerSetValue
 .text.TimerGetCurrentTime
                0x00000000080054e6        0xc /home/wsg/lora-wan/IA-V2-MCU-1.0.2/m_system/hal_driver/lwsystem/timer.o
                0x00000000080054e6                TimerGetCurrentTime
 .text.TimerGetElapsedTime
                0x00000000080054f2       0x18 /home/wsg/lora-wan/IA-V2-MCU-1.0.2/m_system/hal_driver/lwsystem/timer.o
                0x00000000080054f2                TimerGetElapsedTime
 .text.TimerTempCompensation
                0x000000000800550a        0x8 /home/wsg/lora-wan/IA-V2-MCU-1.0.2/m_system/hal_driver/lwsystem/timer.o
                0x000000000800550a                TimerTempCompensation
 .text.DelayMs  0x0000000008005512        0x8 /home/wsg/lora-wan/IA-V2-MCU-1.0.2/m_system/hal_driver/lwsystem/delay.o
                0x0000000008005512                DelayMs
 *fill*         0x000000000800551a        0x2 
 .text.SysTimeAdd
                0x000000000800551c       0x34 /home/wsg/lora-wan/IA-V2-MCU-1.0.2/m_system/hal_driver/lwsystem/systime.o
                0x000000000800551c                SysTimeAdd
 .text.SysTimeSub
                0x0000000008005550       0x2c /home/wsg/lora-wan/IA-V2-MCU-1.0.2/m_system/hal_driver/lwsystem/systime.o
                0x0000000008005550                SysTimeSub
 .text.SysTimeSet
                0x000000000800557c       0x3a /home/wsg/lora-wan/IA-V2-MCU-1.0.2/m_system/hal_driver/lwsystem/systime.o
                0x000000000800557c                SysTimeSet
 *fill*         0x00000000080055b6        0x2 
 .text.SysTimeGet
                0x00000000080055b8       0x54 /home/wsg/lora-wan/IA-V2-MCU-1.0.2/m_system/hal_driver/lwsystem/systime.o
                0x00000000080055b8                SysTimeGet
 .text.SysTime2Ms
                0x000000000800560c       0x3c /home/wsg/lora-wan/IA-V2-MCU-1.0.2/m_system/hal_driver/lwsystem/systime.o
                0x000000000800560c                SysTime2Ms
 .text.GetFskBandwidthRegValue
                0x0000000008005648       0x2c /home/wsg/lora-wan/IA-V2-MCU-1.0.2/m_system/hal_driver/lwsx1276/sx1276.o
 .text.SX1276OnDio4Irq
                0x0000000008005674       0x28 /home/wsg/lora-wan/IA-V2-MCU-1.0.2/m_system/hal_driver/lwsx1276/sx1276.o
                0x0000000008005674                SX1276OnDio4Irq
 .text.SX1276GetStatus
                0x000000000800569c        0xc /home/wsg/lora-wan/IA-V2-MCU-1.0.2/m_system/hal_driver/lwsx1276/sx1276.o
                0x000000000800569c                SX1276GetStatus
 .text.SX1276ReadBuffer
                0x00000000080056a8       0x42 /home/wsg/lora-wan/IA-V2-MCU-1.0.2/m_system/hal_driver/lwsx1276/sx1276.o
                0x00000000080056a8                SX1276ReadBuffer
 .text.SX1276Read
                0x00000000080056ea       0x12 /home/wsg/lora-wan/IA-V2-MCU-1.0.2/m_system/hal_driver/lwsx1276/sx1276.o
                0x00000000080056ea                SX1276Read
 .text.SX1276GetTimeOnAir
                0x00000000080056fc      0x200 /home/wsg/lora-wan/IA-V2-MCU-1.0.2/m_system/hal_driver/lwsx1276/sx1276.o
                0x00000000080056fc                SX1276GetTimeOnAir
 .text.SX1276ReadRssi
                0x00000000080058fc       0x44 /home/wsg/lora-wan/IA-V2-MCU-1.0.2/m_system/hal_driver/lwsx1276/sx1276.o
                0x00000000080058fc                SX1276ReadRssi
 .text.SX1276WriteBuffer
                0x0000000008005940       0x36 /home/wsg/lora-wan/IA-V2-MCU-1.0.2/m_system/hal_driver/lwsx1276/sx1276.o
                0x0000000008005940                SX1276WriteBuffer
 .text.SX1276Write
                0x0000000008005976       0x12 /home/wsg/lora-wan/IA-V2-MCU-1.0.2/m_system/hal_driver/lwsx1276/sx1276.o
                0x0000000008005976                SX1276Write
 .text.SX1276SetChannel
                0x0000000008005988       0x48 /home/wsg/lora-wan/IA-V2-MCU-1.0.2/m_system/hal_driver/lwsx1276/sx1276.o
                0x0000000008005988                SX1276SetChannel
 .text.RxChainCalibration
                0x00000000080059d0       0x9c /home/wsg/lora-wan/IA-V2-MCU-1.0.2/m_system/hal_driver/lwsx1276/sx1276.o
 .text.SX1276SetOpMode
                0x0000000008005a6c       0x28 /home/wsg/lora-wan/IA-V2-MCU-1.0.2/m_system/hal_driver/lwsx1276/sx1276.o
                0x0000000008005a6c                SX1276SetOpMode
 .text.SX1276SetSleep
                0x0000000008005a94       0x2c /home/wsg/lora-wan/IA-V2-MCU-1.0.2/m_system/hal_driver/lwsx1276/sx1276.o
                0x0000000008005a94                SX1276SetSleep
 .text.SX1276SetStby
                0x0000000008005ac0       0x2c /home/wsg/lora-wan/IA-V2-MCU-1.0.2/m_system/hal_driver/lwsx1276/sx1276.o
                0x0000000008005ac0                SX1276SetStby
 .text.SX1276SetRx
                0x0000000008005aec      0x228 /home/wsg/lora-wan/IA-V2-MCU-1.0.2/m_system/hal_driver/lwsx1276/sx1276.o
                0x0000000008005aec                SX1276SetRx
 .text.SX1276SetTx
                0x0000000008005d14       0xa8 /home/wsg/lora-wan/IA-V2-MCU-1.0.2/m_system/hal_driver/lwsx1276/sx1276.o
                0x0000000008005d14                SX1276SetTx
 .text.SX1276StartCad
                0x0000000008005dbc       0x38 /home/wsg/lora-wan/IA-V2-MCU-1.0.2/m_system/hal_driver/lwsx1276/sx1276.o
                0x0000000008005dbc                SX1276StartCad
 .text.SX1276SetModem
                0x0000000008005df4       0x70 /home/wsg/lora-wan/IA-V2-MCU-1.0.2/m_system/hal_driver/lwsx1276/sx1276.o
                0x0000000008005df4                SX1276SetModem
 .text.SX1276IsChannelFree
                0x0000000008005e64       0x48 /home/wsg/lora-wan/IA-V2-MCU-1.0.2/m_system/hal_driver/lwsx1276/sx1276.o
                0x0000000008005e64                SX1276IsChannelFree
 .text.SX1276Init
                0x0000000008005eac       0x80 /home/wsg/lora-wan/IA-V2-MCU-1.0.2/m_system/hal_driver/lwsx1276/sx1276.o
                0x0000000008005eac                SX1276Init
 .text.SX1276Random
                0x0000000008005f2c       0x3c /home/wsg/lora-wan/IA-V2-MCU-1.0.2/m_system/hal_driver/lwsx1276/sx1276.o
                0x0000000008005f2c                SX1276Random
 .text.SX1276SetRxConfig
                0x0000000008005f68      0x340 /home/wsg/lora-wan/IA-V2-MCU-1.0.2/m_system/hal_driver/lwsx1276/sx1276.o
                0x0000000008005f68                SX1276SetRxConfig
 .text.SX1276SetTxConfig
                0x00000000080062a8      0x288 /home/wsg/lora-wan/IA-V2-MCU-1.0.2/m_system/hal_driver/lwsx1276/sx1276.o
                0x00000000080062a8                SX1276SetTxConfig
 .text.SX1276SetTxContinuousWave
                0x0000000008006530       0x80 /home/wsg/lora-wan/IA-V2-MCU-1.0.2/m_system/hal_driver/lwsx1276/sx1276.o
                0x0000000008006530                SX1276SetTxContinuousWave
 .text.SX1276OnDio2Irq
                0x00000000080065b0       0xe4 /home/wsg/lora-wan/IA-V2-MCU-1.0.2/m_system/hal_driver/lwsx1276/sx1276.o
                0x00000000080065b0                SX1276OnDio2Irq
 .text.SX1276OnDio3Irq
                0x0000000008006694       0x60 /home/wsg/lora-wan/IA-V2-MCU-1.0.2/m_system/hal_driver/lwsx1276/sx1276.o
                0x0000000008006694                SX1276OnDio3Irq
 .text.SX1276WriteFifo
                0x00000000080066f4        0xe /home/wsg/lora-wan/IA-V2-MCU-1.0.2/m_system/hal_driver/lwsx1276/sx1276.o
                0x00000000080066f4                SX1276WriteFifo
 *fill*         0x0000000008006702        0x2 
 .text.SX1276Send
                0x0000000008006704      0x10c /home/wsg/lora-wan/IA-V2-MCU-1.0.2/m_system/hal_driver/lwsx1276/sx1276.o
                0x0000000008006704                SX1276Send
 .text.SX1276ReadFifo
                0x0000000008006810        0xe /home/wsg/lora-wan/IA-V2-MCU-1.0.2/m_system/hal_driver/lwsx1276/sx1276.o
                0x0000000008006810                SX1276ReadFifo
 *fill*         0x000000000800681e        0x2 
 .text.SX1276OnDio0Irq
                0x0000000008006820      0x2e0 /home/wsg/lora-wan/IA-V2-MCU-1.0.2/m_system/hal_driver/lwsx1276/sx1276.o
                0x0000000008006820                SX1276OnDio0Irq
 .text.SX1276OnDio1Irq
                0x0000000008006b00       0xf0 /home/wsg/lora-wan/IA-V2-MCU-1.0.2/m_system/hal_driver/lwsx1276/sx1276.o
                0x0000000008006b00                SX1276OnDio1Irq
 .text.SX1276SetMaxPayloadLength
                0x0000000008006bf0       0x34 /home/wsg/lora-wan/IA-V2-MCU-1.0.2/m_system/hal_driver/lwsx1276/sx1276.o
                0x0000000008006bf0                SX1276SetMaxPayloadLength
 .text.SX1276SetPublicNetwork
                0x0000000008006c24       0x24 /home/wsg/lora-wan/IA-V2-MCU-1.0.2/m_system/hal_driver/lwsx1276/sx1276.o
                0x0000000008006c24                SX1276SetPublicNetwork
 .text.SX1276OnTimeoutIrq
                0x0000000008006c48       0xd8 /home/wsg/lora-wan/IA-V2-MCU-1.0.2/m_system/hal_driver/lwsx1276/sx1276.o
                0x0000000008006c48                SX1276OnTimeoutIrq
 .text.SX1276GetWakeupTime
                0x0000000008006d20        0xa /home/wsg/lora-wan/IA-V2-MCU-1.0.2/m_system/hal_driver/lwsx1276/sx1276.o
                0x0000000008006d20                SX1276GetWakeupTime
 *fill*         0x0000000008006d2a        0x2 
 .text.IrqProcess
                0x0000000008006d2c       0x8c /home/wsg/lora-wan/IA-V2-MCU-1.0.2/m_system/hal_driver/lwsx1276/sx1276.o
                0x0000000008006d2c                IrqProcess
 .text.SX1276LoRaGetRFFrequency
                0x0000000008006db8       0x40 /home/wsg/lora-wan/IA-V2-MCU-1.0.2/m_system/hal_driver/lwsx1276/sx1276.o
                0x0000000008006db8                SX1276LoRaGetRFFrequency
 .text.RegionIsActive
                0x0000000008006df8        0xa /home/wsg/lora-wan/IA-V2-MCU-1.0.2/m_system/hal_driver/lwmac/region/Region.o
                0x0000000008006df8                RegionIsActive
 .text.RegionGetPhyParam
                0x0000000008006e02       0x18 /home/wsg/lora-wan/IA-V2-MCU-1.0.2/m_system/hal_driver/lwmac/region/Region.o
                0x0000000008006e02                RegionGetPhyParam
 .text.RegionSetBandTxDone
                0x0000000008006e1a        0xe /home/wsg/lora-wan/IA-V2-MCU-1.0.2/m_system/hal_driver/lwmac/region/Region.o
                0x0000000008006e1a                RegionSetBandTxDone
 .text.RegionInitDefaults
                0x0000000008006e28        0xe /home/wsg/lora-wan/IA-V2-MCU-1.0.2/m_system/hal_driver/lwmac/region/Region.o
                0x0000000008006e28                RegionInitDefaults
 .text.RegionGetNvmCtx
                0x0000000008006e36       0x14 /home/wsg/lora-wan/IA-V2-MCU-1.0.2/m_system/hal_driver/lwmac/region/Region.o
                0x0000000008006e36                RegionGetNvmCtx
 .text.RegionVerify
                0x0000000008006e4a       0x18 /home/wsg/lora-wan/IA-V2-MCU-1.0.2/m_system/hal_driver/lwmac/region/Region.o
                0x0000000008006e4a                RegionVerify
 .text.RegionApplyCFList
                0x0000000008006e62        0xe /home/wsg/lora-wan/IA-V2-MCU-1.0.2/m_system/hal_driver/lwmac/region/Region.o
                0x0000000008006e62                RegionApplyCFList
 .text.RegionChanMaskSet
                0x0000000008006e70       0x14 /home/wsg/lora-wan/IA-V2-MCU-1.0.2/m_system/hal_driver/lwmac/region/Region.o
                0x0000000008006e70                RegionChanMaskSet
 .text.RegionComputeRxWindowParameters
                0x0000000008006e84       0x16 /home/wsg/lora-wan/IA-V2-MCU-1.0.2/m_system/hal_driver/lwmac/region/Region.o
                0x0000000008006e84                RegionComputeRxWindowParameters
 .text.RegionRxConfig
                0x0000000008006e9a       0x18 /home/wsg/lora-wan/IA-V2-MCU-1.0.2/m_system/hal_driver/lwmac/region/Region.o
                0x0000000008006e9a                RegionRxConfig
 .text.RegionTxConfig
                0x0000000008006eb2       0x18 /home/wsg/lora-wan/IA-V2-MCU-1.0.2/m_system/hal_driver/lwmac/region/Region.o
                0x0000000008006eb2                RegionTxConfig
 .text.RegionLinkAdrReq
                0x0000000008006eca       0x20 /home/wsg/lora-wan/IA-V2-MCU-1.0.2/m_system/hal_driver/lwmac/region/Region.o
                0x0000000008006eca                RegionLinkAdrReq
 .text.RegionRxParamSetupReq
                0x0000000008006eea       0x14 /home/wsg/lora-wan/IA-V2-MCU-1.0.2/m_system/hal_driver/lwmac/region/Region.o
                0x0000000008006eea                RegionRxParamSetupReq
 .text.RegionNewChannelReq
                0x0000000008006efe       0x14 /home/wsg/lora-wan/IA-V2-MCU-1.0.2/m_system/hal_driver/lwmac/region/Region.o
                0x0000000008006efe                RegionNewChannelReq
 .text.RegionTxParamSetupReq
                0x0000000008006f12       0x14 /home/wsg/lora-wan/IA-V2-MCU-1.0.2/m_system/hal_driver/lwmac/region/Region.o
                0x0000000008006f12                RegionTxParamSetupReq
 .text.RegionDlChannelReq
                0x0000000008006f26       0x14 /home/wsg/lora-wan/IA-V2-MCU-1.0.2/m_system/hal_driver/lwmac/region/Region.o
                0x0000000008006f26                RegionDlChannelReq
 .text.RegionAlternateDr
                0x0000000008006f3a       0x14 /home/wsg/lora-wan/IA-V2-MCU-1.0.2/m_system/hal_driver/lwmac/region/Region.o
                0x0000000008006f3a                RegionAlternateDr
 .text.RegionCalcBackOff
                0x0000000008006f4e        0xe /home/wsg/lora-wan/IA-V2-MCU-1.0.2/m_system/hal_driver/lwmac/region/Region.o
                0x0000000008006f4e                RegionCalcBackOff
 .text.RegionNextChannel
                0x0000000008006f5c       0x1c /home/wsg/lora-wan/IA-V2-MCU-1.0.2/m_system/hal_driver/lwmac/region/Region.o
                0x0000000008006f5c                RegionNextChannel
 .text.RegionSetContinuousWave
                0x0000000008006f78        0xe /home/wsg/lora-wan/IA-V2-MCU-1.0.2/m_system/hal_driver/lwmac/region/Region.o
                0x0000000008006f78                RegionSetContinuousWave
 .text.RegionApplyDrOffset
                0x0000000008006f86       0x18 /home/wsg/lora-wan/IA-V2-MCU-1.0.2/m_system/hal_driver/lwmac/region/Region.o
                0x0000000008006f86                RegionApplyDrOffset
 .text.RegionRxBeaconSetup
                0x0000000008006f9e       0x12 /home/wsg/lora-wan/IA-V2-MCU-1.0.2/m_system/hal_driver/lwmac/region/Region.o
                0x0000000008006f9e                RegionRxBeaconSetup
 .text.RegionCN470GetPhyParam
                0x0000000008006fb0      0x140 /home/wsg/lora-wan/IA-V2-MCU-1.0.2/m_system/hal_driver/lwmac/region/RegionCN470.o
                0x0000000008006fb0                RegionCN470GetPhyParam
 .text.RegionCN470SetBandTxDone
                0x00000000080070f0       0x24 /home/wsg/lora-wan/IA-V2-MCU-1.0.2/m_system/hal_driver/lwmac/region/RegionCN470.o
                0x00000000080070f0                RegionCN470SetBandTxDone
 .text.RegionCN470InitDefaults
                0x0000000008007114       0xfc /home/wsg/lora-wan/IA-V2-MCU-1.0.2/m_system/hal_driver/lwmac/region/RegionCN470.o
                0x0000000008007114                RegionCN470InitDefaults
 .text.RegionCN470GetNvmCtx
                0x0000000008007210       0x10 /home/wsg/lora-wan/IA-V2-MCU-1.0.2/m_system/hal_driver/lwmac/region/RegionCN470.o
                0x0000000008007210                RegionCN470GetNvmCtx
 .text.RegionCN470Verify
                0x0000000008007220       0x34 /home/wsg/lora-wan/IA-V2-MCU-1.0.2/m_system/hal_driver/lwmac/region/RegionCN470.o
                0x0000000008007220                RegionCN470Verify
 .text.RegionCN470ApplyCFList
                0x0000000008007254       0x30 /home/wsg/lora-wan/IA-V2-MCU-1.0.2/m_system/hal_driver/lwmac/region/RegionCN470.o
                0x0000000008007254                RegionCN470ApplyCFList
 .text.RegionCN470ChanMaskSet
                0x0000000008007284       0x84 /home/wsg/lora-wan/IA-V2-MCU-1.0.2/m_system/hal_driver/lwmac/region/RegionCN470.o
                0x0000000008007284                RegionCN470ChanMaskSet
 .text.RegionCN470ComputeRxWindowParameters
                0x0000000008007308       0x78 /home/wsg/lora-wan/IA-V2-MCU-1.0.2/m_system/hal_driver/lwmac/region/RegionCN470.o
                0x0000000008007308                RegionCN470ComputeRxWindowParameters
 .text.RegionCN470RxConfig
                0x0000000008007380       0xd4 /home/wsg/lora-wan/IA-V2-MCU-1.0.2/m_system/hal_driver/lwmac/region/RegionCN470.o
                0x0000000008007380                RegionCN470RxConfig
 .text.RegionCN470TxConfig
                0x0000000008007454       0xb8 /home/wsg/lora-wan/IA-V2-MCU-1.0.2/m_system/hal_driver/lwmac/region/RegionCN470.o
                0x0000000008007454                RegionCN470TxConfig
 .text.RegionCN470LinkAdrReq
                0x000000000800750c      0x128 /home/wsg/lora-wan/IA-V2-MCU-1.0.2/m_system/hal_driver/lwmac/region/RegionCN470.o
                0x000000000800750c                RegionCN470LinkAdrReq
 .text.RegionCN470RxParamSetupReq
                0x0000000008007634       0x68 /home/wsg/lora-wan/IA-V2-MCU-1.0.2/m_system/hal_driver/lwmac/region/RegionCN470.o
                0x0000000008007634                RegionCN470RxParamSetupReq
 .text.RegionCN470NewChannelReq
                0x000000000800769c        0x4 /home/wsg/lora-wan/IA-V2-MCU-1.0.2/m_system/hal_driver/lwmac/region/RegionCN470.o
                0x000000000800769c                RegionCN470NewChannelReq
 .text.RegionCN470TxParamSetupReq
                0x00000000080076a0        0x6 /home/wsg/lora-wan/IA-V2-MCU-1.0.2/m_system/hal_driver/lwmac/region/RegionCN470.o
                0x00000000080076a0                RegionCN470TxParamSetupReq
 .text.RegionCN470DlChannelReq
                0x00000000080076a6        0x4 /home/wsg/lora-wan/IA-V2-MCU-1.0.2/m_system/hal_driver/lwmac/region/RegionCN470.o
                0x00000000080076a6                RegionCN470DlChannelReq
 .text.RegionCN470AlternateDr
                0x00000000080076aa        0x2 /home/wsg/lora-wan/IA-V2-MCU-1.0.2/m_system/hal_driver/lwmac/region/RegionCN470.o
                0x00000000080076aa                RegionCN470AlternateDr
 .text.RegionCN470CalcBackOff
                0x00000000080076ac       0x34 /home/wsg/lora-wan/IA-V2-MCU-1.0.2/m_system/hal_driver/lwmac/region/RegionCN470.o
                0x00000000080076ac                RegionCN470CalcBackOff
 .text.RegionCN470NextChannel
                0x00000000080076e0      0x110 /home/wsg/lora-wan/IA-V2-MCU-1.0.2/m_system/hal_driver/lwmac/region/RegionCN470.o
                0x00000000080076e0                RegionCN470NextChannel
 .text.RegionCN470SetContinuousWave
                0x00000000080077f0       0x4c /home/wsg/lora-wan/IA-V2-MCU-1.0.2/m_system/hal_driver/lwmac/region/RegionCN470.o
                0x00000000080077f0                RegionCN470SetContinuousWave
 .text.RegionCN470ApplyDrOffset
                0x000000000800783c       0x10 /home/wsg/lora-wan/IA-V2-MCU-1.0.2/m_system/hal_driver/lwmac/region/RegionCN470.o
                0x000000000800783c                RegionCN470ApplyDrOffset
 .text.RegionCN470RxBeaconSetup
                0x000000000800784c       0x44 /home/wsg/lora-wan/IA-V2-MCU-1.0.2/m_system/hal_driver/lwmac/region/RegionCN470.o
                0x000000000800784c                RegionCN470RxBeaconSetup
 .text.RegionCommonGetJoinDc
                0x0000000008007890       0x30 /home/wsg/lora-wan/IA-V2-MCU-1.0.2/m_system/hal_driver/lwmac/region/RegionCommon.o
                0x0000000008007890                RegionCommonGetJoinDc
 .text.RegionCommonChanVerifyDr
                0x00000000080078c0       0x7a /home/wsg/lora-wan/IA-V2-MCU-1.0.2/m_system/hal_driver/lwmac/region/RegionCommon.o
                0x00000000080078c0                RegionCommonChanVerifyDr
 .text.RegionCommonValueInRange
                0x000000000800793a       0x14 /home/wsg/lora-wan/IA-V2-MCU-1.0.2/m_system/hal_driver/lwmac/region/RegionCommon.o
                0x000000000800793a                RegionCommonValueInRange
 .text.RegionCommonCountChannels
                0x000000000800794e       0x40 /home/wsg/lora-wan/IA-V2-MCU-1.0.2/m_system/hal_driver/lwmac/region/RegionCommon.o
                0x000000000800794e                RegionCommonCountChannels
 .text.RegionCommonChanMaskCopy
                0x000000000800798e       0x1c /home/wsg/lora-wan/IA-V2-MCU-1.0.2/m_system/hal_driver/lwmac/region/RegionCommon.o
                0x000000000800798e                RegionCommonChanMaskCopy
 .text.RegionCommonSetBandTxDone
                0x00000000080079aa        0xc /home/wsg/lora-wan/IA-V2-MCU-1.0.2/m_system/hal_driver/lwmac/region/RegionCommon.o
                0x00000000080079aa                RegionCommonSetBandTxDone
 .text.RegionCommonUpdateBandTimeOff
                0x00000000080079b6       0x9e /home/wsg/lora-wan/IA-V2-MCU-1.0.2/m_system/hal_driver/lwmac/region/RegionCommon.o
                0x00000000080079b6                RegionCommonUpdateBandTimeOff
 .text.RegionCommonParseLinkAdrReq
                0x0000000008007a54       0x36 /home/wsg/lora-wan/IA-V2-MCU-1.0.2/m_system/hal_driver/lwmac/region/RegionCommon.o
                0x0000000008007a54                RegionCommonParseLinkAdrReq
 .text.RegionCommonLinkAdrReqVerifyParams
                0x0000000008007a8a       0x8c /home/wsg/lora-wan/IA-V2-MCU-1.0.2/m_system/hal_driver/lwmac/region/RegionCommon.o
                0x0000000008007a8a                RegionCommonLinkAdrReqVerifyParams
 *fill*         0x0000000008007b16        0x2 
 .text.RegionCommonComputeSymbolTimeLoRa
                0x0000000008007b18       0x34 /home/wsg/lora-wan/IA-V2-MCU-1.0.2/m_system/hal_driver/lwmac/region/RegionCommon.o
                0x0000000008007b18                RegionCommonComputeSymbolTimeLoRa
 .text.RegionCommonComputeRxWindowParameters
                0x0000000008007b4c       0xb4 /home/wsg/lora-wan/IA-V2-MCU-1.0.2/m_system/hal_driver/lwmac/region/RegionCommon.o
                0x0000000008007b4c                RegionCommonComputeRxWindowParameters
 .text.RegionCommonComputeTxPower
                0x0000000008007c00       0x2a /home/wsg/lora-wan/IA-V2-MCU-1.0.2/m_system/hal_driver/lwmac/region/RegionCommon.o
                0x0000000008007c00                RegionCommonComputeTxPower
 .text.RegionCommonCalcBackOff
                0x0000000008007c2a       0x56 /home/wsg/lora-wan/IA-V2-MCU-1.0.2/m_system/hal_driver/lwmac/region/RegionCommon.o
                0x0000000008007c2a                RegionCommonCalcBackOff
 .text.RegionCommonRxBeaconSetup
                0x0000000008007c80       0x5c /home/wsg/lora-wan/IA-V2-MCU-1.0.2/m_system/hal_driver/lwmac/region/RegionCommon.o
                0x0000000008007c80                RegionCommonRxBeaconSetup
 .text.OnRadioTxTimeout
                0x0000000008007cdc       0x10 /home/wsg/lora-wan/IA-V2-MCU-1.0.2/m_system/hal_driver/lwmac/LoRaMac.o
 .text.OnRadioRxError
                0x0000000008007cec       0x24 /home/wsg/lora-wan/IA-V2-MCU-1.0.2/m_system/hal_driver/lwmac/LoRaMac.o
 .text.OnRadioRxTimeout
                0x0000000008007d10       0x10 /home/wsg/lora-wan/IA-V2-MCU-1.0.2/m_system/hal_driver/lwmac/LoRaMac.o
 .text.CallNvmCtxCallback
                0x0000000008007d20       0x1c /home/wsg/lora-wan/IA-V2-MCU-1.0.2/m_system/hal_driver/lwmac/LoRaMac.o
 .text.EventCryptoNvmCtxChanged
                0x0000000008007d3c        0xa /home/wsg/lora-wan/IA-V2-MCU-1.0.2/m_system/hal_driver/lwmac/LoRaMac.o
 .text.EventSecureElementNvmCtxChanged
                0x0000000008007d46        0xa /home/wsg/lora-wan/IA-V2-MCU-1.0.2/m_system/hal_driver/lwmac/LoRaMac.o
 .text.EventCommandsNvmCtxChanged
                0x0000000008007d50        0xa /home/wsg/lora-wan/IA-V2-MCU-1.0.2/m_system/hal_driver/lwmac/LoRaMac.o
 .text.EventClassBNvmCtxChanged
                0x0000000008007d5a        0xa /home/wsg/lora-wan/IA-V2-MCU-1.0.2/m_system/hal_driver/lwmac/LoRaMac.o
 .text.EventConfirmQueueNvmCtxChanged
                0x0000000008007d64        0xa /home/wsg/lora-wan/IA-V2-MCU-1.0.2/m_system/hal_driver/lwmac/LoRaMac.o
 .text.EventFCntHandlerNvmCtxChanged
                0x0000000008007d6e        0xa /home/wsg/lora-wan/IA-V2-MCU-1.0.2/m_system/hal_driver/lwmac/LoRaMac.o
 .text.GetMaxAppPayloadWithoutFOptsLength
                0x0000000008007d78       0x34 /home/wsg/lora-wan/IA-V2-MCU-1.0.2/m_system/hal_driver/lwmac/LoRaMac.o
 .text.OnAckTimeoutTimerEvent
                0x0000000008007dac       0x50 /home/wsg/lora-wan/IA-V2-MCU-1.0.2/m_system/hal_driver/lwmac/LoRaMac.o
 .text.PrepareRxDoneAbort
                0x0000000008007dfc       0x3c /home/wsg/lora-wan/IA-V2-MCU-1.0.2/m_system/hal_driver/lwmac/LoRaMac.o
 .text.ResetMacParameters
                0x0000000008007e38       0x8c /home/wsg/lora-wan/IA-V2-MCU-1.0.2/m_system/hal_driver/lwmac/LoRaMac.o
 .text.OnRadioRxDone
                0x0000000008007ec4       0x40 /home/wsg/lora-wan/IA-V2-MCU-1.0.2/m_system/hal_driver/lwmac/LoRaMac.o
 .text.OnRadioTxDone
                0x0000000008007f04       0x38 /home/wsg/lora-wan/IA-V2-MCU-1.0.2/m_system/hal_driver/lwmac/LoRaMac.o
 .text.StopRetransmission
                0x0000000008007f3c       0x68 /home/wsg/lora-wan/IA-V2-MCU-1.0.2/m_system/hal_driver/lwmac/LoRaMac.o
 .text.OnRxWindow2TimerEvent
                0x0000000008007fa4       0x98 /home/wsg/lora-wan/IA-V2-MCU-1.0.2/m_system/hal_driver/lwmac/LoRaMac.o
 .text.OpenContinuousRx2Window
                0x000000000800803c       0x18 /home/wsg/lora-wan/IA-V2-MCU-1.0.2/m_system/hal_driver/lwmac/LoRaMac.o
 .text.HandleRadioRxErrorTimeout
                0x0000000008008054      0x14c /home/wsg/lora-wan/IA-V2-MCU-1.0.2/m_system/hal_driver/lwmac/LoRaMac.o
 .text.OnRxWindow1TimerEvent
                0x00000000080081a0       0x90 /home/wsg/lora-wan/IA-V2-MCU-1.0.2/m_system/hal_driver/lwmac/LoRaMac.o
 .text.ProcessMacCommands.isra.1.constprop.6
                0x0000000008008230      0x5f8 /home/wsg/lora-wan/IA-V2-MCU-1.0.2/m_system/hal_driver/lwmac/LoRaMac.o
 .text.LoRaMacGetEventCnt
                0x0000000008008828        0xc /home/wsg/lora-wan/IA-V2-MCU-1.0.2/m_system/hal_driver/lwmac/LoRaMac.o
                0x0000000008008828                LoRaMacGetEventCnt
 .text.PrepareFrame
                0x0000000008008834      0x198 /home/wsg/lora-wan/IA-V2-MCU-1.0.2/m_system/hal_driver/lwmac/LoRaMac.o
                0x0000000008008834                PrepareFrame
 .text.SendFrameOnChannel
                0x00000000080089cc      0x10c /home/wsg/lora-wan/IA-V2-MCU-1.0.2/m_system/hal_driver/lwmac/LoRaMac.o
                0x00000000080089cc                SendFrameOnChannel
 .text.ScheduleTx
                0x0000000008008ad8      0x264 /home/wsg/lora-wan/IA-V2-MCU-1.0.2/m_system/hal_driver/lwmac/LoRaMac.o
 .text.OnTxDelayedTimerEvent
                0x0000000008008d3c       0x64 /home/wsg/lora-wan/IA-V2-MCU-1.0.2/m_system/hal_driver/lwmac/LoRaMac.o
 .text.Send     0x0000000008008da0      0x124 /home/wsg/lora-wan/IA-V2-MCU-1.0.2/m_system/hal_driver/lwmac/LoRaMac.o
                0x0000000008008da0                Send
 .text.SendReJoinReq
                0x0000000008008ec4       0x4c /home/wsg/lora-wan/IA-V2-MCU-1.0.2/m_system/hal_driver/lwmac/LoRaMac.o
                0x0000000008008ec4                SendReJoinReq
 .text.SetTxContinuousWave
                0x0000000008008f10       0x58 /home/wsg/lora-wan/IA-V2-MCU-1.0.2/m_system/hal_driver/lwmac/LoRaMac.o
                0x0000000008008f10                SetTxContinuousWave
 .text.SetTxContinuousWave1
                0x0000000008008f68       0x2c /home/wsg/lora-wan/IA-V2-MCU-1.0.2/m_system/hal_driver/lwmac/LoRaMac.o
                0x0000000008008f68                SetTxContinuousWave1
 .text.GetCtxs  0x0000000008008f94       0x7c /home/wsg/lora-wan/IA-V2-MCU-1.0.2/m_system/hal_driver/lwmac/LoRaMac.o
                0x0000000008008f94                GetCtxs
 .text.RestoreCtxs
                0x0000000008009010       0x94 /home/wsg/lora-wan/IA-V2-MCU-1.0.2/m_system/hal_driver/lwmac/LoRaMac.o
                0x0000000008009010                RestoreCtxs
 .text.DetermineFrameType
                0x00000000080090a4       0x4e /home/wsg/lora-wan/IA-V2-MCU-1.0.2/m_system/hal_driver/lwmac/LoRaMac.o
                0x00000000080090a4                DetermineFrameType
 *fill*         0x00000000080090f2        0x2 
 .text.LoRaMacProcess
                0x00000000080090f4      0xa44 /home/wsg/lora-wan/IA-V2-MCU-1.0.2/m_system/hal_driver/lwmac/LoRaMac.o
                0x00000000080090f4                LoRaMacProcess
 .text.LoRaMacInitialization
                0x0000000008009b38      0x3c4 /home/wsg/lora-wan/IA-V2-MCU-1.0.2/m_system/hal_driver/lwmac/LoRaMac.o
                0x0000000008009b38                LoRaMacInitialization
 .text.LoRaMacStart
                0x0000000008009efc       0x10 /home/wsg/lora-wan/IA-V2-MCU-1.0.2/m_system/hal_driver/lwmac/LoRaMac.o
                0x0000000008009efc                LoRaMacStart
 .text.LoRaMacQueryTxPossible
                0x0000000008009f0c       0xb4 /home/wsg/lora-wan/IA-V2-MCU-1.0.2/m_system/hal_driver/lwmac/LoRaMac.o
                0x0000000008009f0c                LoRaMacQueryTxPossible
 .text.LoRaMacMibGetRequestConfirm
                0x0000000008009fc0      0x1ac /home/wsg/lora-wan/IA-V2-MCU-1.0.2/m_system/hal_driver/lwmac/LoRaMac.o
                0x0000000008009fc0                LoRaMacMibGetRequestConfirm
 .text.LoRaMacMibSetRequestConfirm
                0x000000000800a16c      0x494 /home/wsg/lora-wan/IA-V2-MCU-1.0.2/m_system/hal_driver/lwmac/LoRaMac.o
                0x000000000800a16c                LoRaMacMibSetRequestConfirm
 .text.LoRaMacMulticastChannelSet
                0x000000000800a600       0x74 /home/wsg/lora-wan/IA-V2-MCU-1.0.2/m_system/hal_driver/lwmac/LoRaMac.o
                0x000000000800a600                LoRaMacMulticastChannelSet
 .text.LoRaMacMlmeRequest
                0x000000000800a674      0x24c /home/wsg/lora-wan/IA-V2-MCU-1.0.2/m_system/hal_driver/lwmac/LoRaMac.o
                0x000000000800a674                LoRaMacMlmeRequest
 .text.LoRaMacMcpsRequest
                0x000000000800a8c0      0x184 /home/wsg/lora-wan/IA-V2-MCU-1.0.2/m_system/hal_driver/lwmac/LoRaMac.o
                0x000000000800a8c0                LoRaMacMcpsRequest
 .text.GetLoRaMacState
                0x000000000800aa44       0x10 /home/wsg/lora-wan/IA-V2-MCU-1.0.2/m_system/hal_driver/lwmac/LoRaMac.o
                0x000000000800aa44                GetLoRaMacState
 .text.LoRaMacCheckFreqDr
                0x000000000800aa54       0x24 /home/wsg/lora-wan/IA-V2-MCU-1.0.2/m_system/hal_driver/lwmac/LoRaMac.o
                0x000000000800aa54                LoRaMacCheckFreqDr
 .text.LoRaMacAdrCalcNext
                0x000000000800aa78       0xbc /home/wsg/lora-wan/IA-V2-MCU-1.0.2/m_system/hal_driver/lwmac/LoRaMacAdr.o
                0x000000000800aa78                LoRaMacAdrCalcNext
 .text.ResetWindowTimeout
                0x000000000800ab34       0x14 /home/wsg/lora-wan/IA-V2-MCU-1.0.2/m_system/hal_driver/lwmac/LoRaMacClassB.o
 .text.NvmContextChange
                0x000000000800ab48       0x14 /home/wsg/lora-wan/IA-V2-MCU-1.0.2/m_system/hal_driver/lwmac/LoRaMacClassB.o
 .text.LoRaMacClassBPingSlotTimerEvent
                0x000000000800ab5c       0x10 /home/wsg/lora-wan/IA-V2-MCU-1.0.2/m_system/hal_driver/lwmac/LoRaMacClassB.o
                0x000000000800ab5c                LoRaMacClassBPingSlotTimerEvent
 .text.LoRaMacClassBMulticastSlotTimerEvent
                0x000000000800ab6c       0x10 /home/wsg/lora-wan/IA-V2-MCU-1.0.2/m_system/hal_driver/lwmac/LoRaMacClassB.o
                0x000000000800ab6c                LoRaMacClassBMulticastSlotTimerEvent
 .text.CalcDownlinkFrequency
                0x000000000800ab7c       0x34 /home/wsg/lora-wan/IA-V2-MCU-1.0.2/m_system/hal_driver/lwmac/LoRaMacClassB.o
 .text.LoRaMacClassBBeaconTimerEvent
                0x000000000800abb0       0x28 /home/wsg/lora-wan/IA-V2-MCU-1.0.2/m_system/hal_driver/lwmac/LoRaMacClassB.o
                0x000000000800abb0                LoRaMacClassBBeaconTimerEvent
 .text.CalcNextSlotTime
                0x000000000800abd8       0xc4 /home/wsg/lora-wan/IA-V2-MCU-1.0.2/m_system/hal_driver/lwmac/LoRaMacClassB.o
 .text.ComputePingOffset
                0x000000000800ac9c       0x58 /home/wsg/lora-wan/IA-V2-MCU-1.0.2/m_system/hal_driver/lwmac/LoRaMacClassB.o
 .text.BeaconCrc
                0x000000000800acf4       0x40 /home/wsg/lora-wan/IA-V2-MCU-1.0.2/m_system/hal_driver/lwmac/LoRaMacClassB.o
 .text.CalcDownlinkChannelAndFrequency.constprop.3
                0x000000000800ad34       0x38 /home/wsg/lora-wan/IA-V2-MCU-1.0.2/m_system/hal_driver/lwmac/LoRaMacClassB.o
 .text.RxBeaconSetup
                0x000000000800ad6c       0xa0 /home/wsg/lora-wan/IA-V2-MCU-1.0.2/m_system/hal_driver/lwmac/LoRaMacClassB.o
 .text.InitClassBDefaults
                0x000000000800ae0c       0x60 /home/wsg/lora-wan/IA-V2-MCU-1.0.2/m_system/hal_driver/lwmac/LoRaMacClassB.o
 .text.LoRaMacClassBInit
                0x000000000800ae6c       0x54 /home/wsg/lora-wan/IA-V2-MCU-1.0.2/m_system/hal_driver/lwmac/LoRaMacClassB.o
                0x000000000800ae6c                LoRaMacClassBInit
 .text.LoRaMacClassBRestoreNvmCtx
                0x000000000800aec0       0x1c /home/wsg/lora-wan/IA-V2-MCU-1.0.2/m_system/hal_driver/lwmac/LoRaMacClassB.o
                0x000000000800aec0                LoRaMacClassBRestoreNvmCtx
 .text.LoRaMacClassBGetNvmCtx
                0x000000000800aedc        0xc /home/wsg/lora-wan/IA-V2-MCU-1.0.2/m_system/hal_driver/lwmac/LoRaMacClassB.o
                0x000000000800aedc                LoRaMacClassBGetNvmCtx
 .text.LoRaMacClassBSetPingSlotState
                0x000000000800aee8       0x14 /home/wsg/lora-wan/IA-V2-MCU-1.0.2/m_system/hal_driver/lwmac/LoRaMacClassB.o
                0x000000000800aee8                LoRaMacClassBSetPingSlotState
 .text.LoRaMacClassBSetMulticastSlotState
                0x000000000800aefc       0x14 /home/wsg/lora-wan/IA-V2-MCU-1.0.2/m_system/hal_driver/lwmac/LoRaMacClassB.o
                0x000000000800aefc                LoRaMacClassBSetMulticastSlotState
 .text.LoRaMacClassBRxBeacon
                0x000000000800af10      0x130 /home/wsg/lora-wan/IA-V2-MCU-1.0.2/m_system/hal_driver/lwmac/LoRaMacClassB.o
                0x000000000800af10                LoRaMacClassBRxBeacon
 .text.LoRaMacClassBIsBeaconExpected
                0x000000000800b040       0x20 /home/wsg/lora-wan/IA-V2-MCU-1.0.2/m_system/hal_driver/lwmac/LoRaMacClassB.o
                0x000000000800b040                LoRaMacClassBIsBeaconExpected
 .text.LoRaMacClassBIsPingExpected
                0x000000000800b060       0x14 /home/wsg/lora-wan/IA-V2-MCU-1.0.2/m_system/hal_driver/lwmac/LoRaMacClassB.o
                0x000000000800b060                LoRaMacClassBIsPingExpected
 .text.LoRaMacClassBIsMulticastExpected
                0x000000000800b074       0x14 /home/wsg/lora-wan/IA-V2-MCU-1.0.2/m_system/hal_driver/lwmac/LoRaMacClassB.o
                0x000000000800b074                LoRaMacClassBIsMulticastExpected
 .text.LoRaMacClassBIsAcquisitionPending
                0x000000000800b088       0x14 /home/wsg/lora-wan/IA-V2-MCU-1.0.2/m_system/hal_driver/lwmac/LoRaMacClassB.o
                0x000000000800b088                LoRaMacClassBIsAcquisitionPending
 .text.LoRaMacClassBSetBeaconState
                0x000000000800b09c       0x34 /home/wsg/lora-wan/IA-V2-MCU-1.0.2/m_system/hal_driver/lwmac/LoRaMacClassB.o
                0x000000000800b09c                LoRaMacClassBSetBeaconState
 .text.LoRaMacClassBIsAcquisitionInProgress
                0x000000000800b0d0       0x18 /home/wsg/lora-wan/IA-V2-MCU-1.0.2/m_system/hal_driver/lwmac/LoRaMacClassB.o
                0x000000000800b0d0                LoRaMacClassBIsAcquisitionInProgress
 .text.LoRaMacClassBIsBeaconModeActive
                0x000000000800b0e8       0x20 /home/wsg/lora-wan/IA-V2-MCU-1.0.2/m_system/hal_driver/lwmac/LoRaMacClassB.o
                0x000000000800b0e8                LoRaMacClassBIsBeaconModeActive
 .text.LoRaMacClassBSetPingSlotInfo
                0x000000000800b108       0x24 /home/wsg/lora-wan/IA-V2-MCU-1.0.2/m_system/hal_driver/lwmac/LoRaMacClassB.o
                0x000000000800b108                LoRaMacClassBSetPingSlotInfo
 .text.LoRaMacClassBResumeBeaconing
                0x000000000800b12c       0x30 /home/wsg/lora-wan/IA-V2-MCU-1.0.2/m_system/hal_driver/lwmac/LoRaMacClassB.o
                0x000000000800b12c                LoRaMacClassBResumeBeaconing
 .text.LoRaMacClassBMibGetRequestConfirm
                0x000000000800b15c       0x18 /home/wsg/lora-wan/IA-V2-MCU-1.0.2/m_system/hal_driver/lwmac/LoRaMacClassB.o
                0x000000000800b15c                LoRaMacClassBMibGetRequestConfirm
 .text.LoRaMacMibClassBSetRequestConfirm
                0x000000000800b174       0x1c /home/wsg/lora-wan/IA-V2-MCU-1.0.2/m_system/hal_driver/lwmac/LoRaMacClassB.o
                0x000000000800b174                LoRaMacMibClassBSetRequestConfirm
 .text.LoRaMacClassBPingSlotInfoAns
                0x000000000800b190       0x28 /home/wsg/lora-wan/IA-V2-MCU-1.0.2/m_system/hal_driver/lwmac/LoRaMacClassB.o
                0x000000000800b190                LoRaMacClassBPingSlotInfoAns
 .text.LoRaMacClassBPingSlotChannelReq
                0x000000000800b1b8       0x80 /home/wsg/lora-wan/IA-V2-MCU-1.0.2/m_system/hal_driver/lwmac/LoRaMacClassB.o
                0x000000000800b1b8                LoRaMacClassBPingSlotChannelReq
 .text.LoRaMacClassBBeaconTimingAns
                0x000000000800b238       0x68 /home/wsg/lora-wan/IA-V2-MCU-1.0.2/m_system/hal_driver/lwmac/LoRaMacClassB.o
                0x000000000800b238                LoRaMacClassBBeaconTimingAns
 .text.LoRaMacClassBDeviceTimeAns
                0x000000000800b2a0       0xc0 /home/wsg/lora-wan/IA-V2-MCU-1.0.2/m_system/hal_driver/lwmac/LoRaMacClassB.o
                0x000000000800b2a0                LoRaMacClassBDeviceTimeAns
 .text.LoRaMacClassBBeaconFreqReq
                0x000000000800b360       0x48 /home/wsg/lora-wan/IA-V2-MCU-1.0.2/m_system/hal_driver/lwmac/LoRaMacClassB.o
                0x000000000800b360                LoRaMacClassBBeaconFreqReq
 .text.LoRaMacClassBIsUplinkCollision
                0x000000000800b3a8       0x48 /home/wsg/lora-wan/IA-V2-MCU-1.0.2/m_system/hal_driver/lwmac/LoRaMacClassB.o
                0x000000000800b3a8                LoRaMacClassBIsUplinkCollision
 .text.LoRaMacClassBStopRxSlots
                0x000000000800b3f0       0x34 /home/wsg/lora-wan/IA-V2-MCU-1.0.2/m_system/hal_driver/lwmac/LoRaMacClassB.o
                0x000000000800b3f0                LoRaMacClassBStopRxSlots
 .text.LoRaMacClassBHaltBeaconing
                0x000000000800b424       0x50 /home/wsg/lora-wan/IA-V2-MCU-1.0.2/m_system/hal_driver/lwmac/LoRaMacClassB.o
                0x000000000800b424                LoRaMacClassBHaltBeaconing
 .text.LoRaMacClassBSwitchClass
                0x000000000800b474       0x38 /home/wsg/lora-wan/IA-V2-MCU-1.0.2/m_system/hal_driver/lwmac/LoRaMacClassB.o
                0x000000000800b474                LoRaMacClassBSwitchClass
 .text.LoRaMacClassBStartRxSlots
                0x000000000800b4ac       0x44 /home/wsg/lora-wan/IA-V2-MCU-1.0.2/m_system/hal_driver/lwmac/LoRaMacClassB.o
                0x000000000800b4ac                LoRaMacClassBStartRxSlots
 .text.UpdateBeaconState
                0x000000000800b4f0       0x7c /home/wsg/lora-wan/IA-V2-MCU-1.0.2/m_system/hal_driver/lwmac/LoRaMacClassB.o
 .text.LoRaMacClassBSetMulticastPeriodicity
                0x000000000800b56c       0x1c /home/wsg/lora-wan/IA-V2-MCU-1.0.2/m_system/hal_driver/lwmac/LoRaMacClassB.o
                0x000000000800b56c                LoRaMacClassBSetMulticastPeriodicity
 .text.LoRaMacClassBProcess
                0x000000000800b588      0x550 /home/wsg/lora-wan/IA-V2-MCU-1.0.2/m_system/hal_driver/lwmac/LoRaMacClassB.o
                0x000000000800b588                LoRaMacClassBProcess
 .text.NvmCtxCallback
                0x000000000800bad8       0x14 /home/wsg/lora-wan/IA-V2-MCU-1.0.2/m_system/hal_driver/lwmac/LoRaMacCommands.o
 .text.isSlotFree
                0x000000000800baec       0x18 /home/wsg/lora-wan/IA-V2-MCU-1.0.2/m_system/hal_driver/lwmac/LoRaMacCommands.o
                0x000000000800baec                isSlotFree
 .text.mallocNewMacCommandSlot
                0x000000000800bb04       0x28 /home/wsg/lora-wan/IA-V2-MCU-1.0.2/m_system/hal_driver/lwmac/LoRaMacCommands.o
                0x000000000800bb04                mallocNewMacCommandSlot
 .text.freeMacCommandSlot
                0x000000000800bb2c       0x14 /home/wsg/lora-wan/IA-V2-MCU-1.0.2/m_system/hal_driver/lwmac/LoRaMacCommands.o
                0x000000000800bb2c                freeMacCommandSlot
 .text.isMcSlotFree
                0x000000000800bb40       0x18 /home/wsg/lora-wan/IA-V2-MCU-1.0.2/m_system/hal_driver/lwmac/LoRaMacCommands.o
                0x000000000800bb40                isMcSlotFree
 .text.mallocNewMcCommandSlot
                0x000000000800bb58       0x28 /home/wsg/lora-wan/IA-V2-MCU-1.0.2/m_system/hal_driver/lwmac/LoRaMacCommands.o
                0x000000000800bb58                mallocNewMcCommandSlot
 .text.freeMacMcCommandSlot
                0x000000000800bb80       0x14 /home/wsg/lora-wan/IA-V2-MCU-1.0.2/m_system/hal_driver/lwmac/LoRaMacCommands.o
                0x000000000800bb80                freeMacMcCommandSlot
 .text.LoRaMacCommandsInit
                0x000000000800bb94       0x24 /home/wsg/lora-wan/IA-V2-MCU-1.0.2/m_system/hal_driver/lwmac/LoRaMacCommands.o
                0x000000000800bb94                LoRaMacCommandsInit
 .text.LoRaMacCommandsRestoreNvmCtx
                0x000000000800bbb8       0x1c /home/wsg/lora-wan/IA-V2-MCU-1.0.2/m_system/hal_driver/lwmac/LoRaMacCommands.o
                0x000000000800bbb8                LoRaMacCommandsRestoreNvmCtx
 .text.LoRaMacCommandsGetNvmCtx
                0x000000000800bbd4        0xc /home/wsg/lora-wan/IA-V2-MCU-1.0.2/m_system/hal_driver/lwmac/LoRaMacCommands.o
                0x000000000800bbd4                LoRaMacCommandsGetNvmCtx
 .text.LoRaMacCommandsAddCmd
                0x000000000800bbe0       0x70 /home/wsg/lora-wan/IA-V2-MCU-1.0.2/m_system/hal_driver/lwmac/LoRaMacCommands.o
                0x000000000800bbe0                LoRaMacCommandsAddCmd
 .text.LoRaMacCommandsRemoveCmd
                0x000000000800bc50       0x5c /home/wsg/lora-wan/IA-V2-MCU-1.0.2/m_system/hal_driver/lwmac/LoRaMacCommands.o
                0x000000000800bc50                LoRaMacCommandsRemoveCmd
 .text.LoRaMacCommandsGetCmd
                0x000000000800bcac       0x1c /home/wsg/lora-wan/IA-V2-MCU-1.0.2/m_system/hal_driver/lwmac/LoRaMacCommands.o
                0x000000000800bcac                LoRaMacCommandsGetCmd
 .text.LoRaMacCommandsRemoveNoneStickyCmds
                0x000000000800bcc8       0x20 /home/wsg/lora-wan/IA-V2-MCU-1.0.2/m_system/hal_driver/lwmac/LoRaMacCommands.o
                0x000000000800bcc8                LoRaMacCommandsRemoveNoneStickyCmds
 .text.LoRaMacCommandsRemoveStickyAnsCmds
                0x000000000800bce8       0x2c /home/wsg/lora-wan/IA-V2-MCU-1.0.2/m_system/hal_driver/lwmac/LoRaMacCommands.o
                0x000000000800bce8                LoRaMacCommandsRemoveStickyAnsCmds
 .text.LoRaMacCommandsGetSizeSerializedCmds
                0x000000000800bd14       0x18 /home/wsg/lora-wan/IA-V2-MCU-1.0.2/m_system/hal_driver/lwmac/LoRaMacCommands.o
                0x000000000800bd14                LoRaMacCommandsGetSizeSerializedCmds
 .text.LoRaMacCommandsSerializeCmds
                0x000000000800bd2c       0x4c /home/wsg/lora-wan/IA-V2-MCU-1.0.2/m_system/hal_driver/lwmac/LoRaMacCommands.o
                0x000000000800bd2c                LoRaMacCommandsSerializeCmds